2026-09-19 13:33:43,526Z httpcore.connection DEBUG connect_tcp.started
2026-09-19 13:33:43,597Z httpcore.connection DEBUG connect_tcp.complete
2026-09-19 13:33:43,597Z httpcore.connection DEBUG start_tls.started
2026-09-19 13:33:43,621Z httpcore.connection DEBUG start_tls.complete
2026-09-19 13:33:43,621Z httpcore.http2 DEBUG send_request_headers.started
2026-09-19 13:33:43,622Z httpcore.http2 DEBUG send_request_headers.complete
2026-09-19 13:33:43,622Z httpcore.http2 DEBUG receive_response_headers.started
2026-09-19 13:33:44,295Z httpcore.http2 DEBUG receive_response_headers.complete
2026-09-19 13:33:44,306Z httpcore.connection DEBUG connect_tcp.started
2026-09-19 13:33:44,350Z httpcore.connection DEBUG connect_tcp.complete
2026-09-19 13:33:44,350Z httpcore.connection DEBUG start_tls.started
2026-09-19 13:33:44,372Z httpcore.connection DEBUG start_tls.complete
2026-09-19 13:33:44,373Z httpcore.http2 DEBUG send_request_headers.started
2026-09-19 13:33:44,373Z httpcore.http2 DEBUG send_request_headers.complete
2026-09-19 13:33:44,373Z httpcore.http2 DEBUG receive_response_headers.started
2026-09-19 13:33:44,549Z httpcore.http2 DEBUG receive_response_headers.complete
2026-09-19 13:33:45,320Z httpcore.connection DEBUG connect_tcp.started
2026-09-19 13:33:45,340Z httpcore.connection DEBUG connect_tcp.complete
2026-09-19 13:33:45,341Z httpcore.connection DEBUG start_tls.started
2026-09-19 13:33:45,363Z httpcore.connection DEBUG start_tls.complete
2026-09-19 13:33:45,363Z httpcore.http2 DEBUG send_request_headers.started
2026-09-19 13:33:45,364Z httpcore.http2 DEBUG send_request_headers.complete
2026-09-19 13:33:45,364Z httpcore.http2 DEBUG receive_response_headers.started
2026-09-19 13:33:45,720Z httpcore.http2 DEBUG receive_response_headers.complete
2026-09-19 13:33:49,355Z httpcore.http2 DEBUG send_request_headers.started
2026-09-19 13:33:49,356Z httpcore.http2 DEBUG send_request_headers.complete
2026-09-19 13:33:49,356Z httpcore.http2 DEBUG receive_response_headers.started
2026-09-19 13:33:49,428Z httpcore.http2 DEBUG receive_response_headers.complete
2026-09-19 13:33:49,435Z httpcore.connection DEBUG connect_tcp.started
2026-09-19 13:33:49,486Z httpcore.connection DEBUG connect_tcp.complete
2026-09-19 13:33:49,486Z httpcore.connection DEBUG start_tls.started
2026-09-19 13:33:49,509Z httpcore.connection DEBUG start_tls.complete
2026-09-19 13:33:49,509Z httpcore.http2 DEBUG send_request_headers.started
2026-09-19 13:33:49,510Z httpcore.http2 DEBUG send_request_headers.complete
2026-09-19 13:33:49,510Z httpcore.http2 DEBUG receive_response_headers.started
2026-09-19 13:33:49,635Z httpcore.http2 DEBUG receive_response_headers.complete
2026-09-19 13:33:55,301Z httpcore.connection DEBUG close.started
2026-09-19 13:33:55,301Z httpcore.connection DEBUG close.complete
2026-09-19 13:33:55,301Z httpcore.connection DEBUG connect_tcp.started
2026-09-19 13:33:55,354Z httpcore.connection DEBUG connect_tcp.complete
2026-09-19 13:33:55,354Z httpcore.connection DEBUG start_tls.started
2026-09-19 13:33:55,377Z httpcore.connection DEBUG start_tls.complete
2026-09-19 13:33:55,378Z httpcore.http2 DEBUG send_request_headers.started
2026-09-19 13:33:55,379Z httpcore.http2 DEBUG send_request_headers.complete
2026-09-19 13:33:55,379Z httpcore.http2 DEBUG receive_response_headers.started
2026-09-19 13:33:55,465Z httpcore.http2 DEBUG receive_response_headers.complete
2026-09-19 13:33:55,466Z httpcore.connection DEBUG close.started
2026-09-19 13:33:55,466Z httpcore.connection DEBUG close.complete
2026-09-19 13:33:55,466Z httpcore.connection DEBUG connect_tcp.started
2026-09-19 13:33:55,513Z httpcore.connection DEBUG connect_tcp.complete
2026-09-19 13:33:55,513Z httpcore.connection DEBUG start_tls.started
2026-09-19 13:33:55,537Z httpcore.connection DEBUG start_tls.complete
2026-09-19 13:33:55,538Z httpcore.http2 DEBUG send_request_headers.started
2026-09-19 13:33:55,538Z httpcore.http2 DEBUG send_request_headers.complete
2026-09-19 13:33:55,538Z httpcore.http2 DEBUG receive_response_headers.started
2026-09-19 13:33:55,637Z httpcore.http2 DEBUG receive_response_headers.complete
2026-09-19 13:33:55,638Z httpcore.http2 DEBUG send_request_headers.started
2026-09-19 13:33:55,639Z httpcore.http2 DEBUG send_request_headers.complete
2026-09-19 13:33:55,639Z httpcore.http2 DEBUG receive_response_headers.started
2026-09-19 13:33:55,808Z httpcore.http2 DEBUG receive_response_headers.complete
2026-09-19 13:33:55,810Z httpcore.http2 DEBUG send_request_headers.started
2026-09-19 13:33:55,810Z httpcore.http2 DEBUG send_request_headers.complete
2026-09-19 13:33:55,810Z httpcore.http2 DEBUG receive_response_headers.started
2026-09-19 13:33:55,886Z httpcore.http2 DEBUG receive_response_headers.complete
2026-09-19 13:33:55,886Z httpcore.http2 DEBUG send_request_headers.started
2026-09-19 13:33:55,887Z httpcore.http2 DEBUG send_request_headers.complete
2026-09-19 13:33:55,887Z httpcore.http2 DEBUG receive_response_headers.started
2026-09-19 13:33:55,954Z httpcore.http2 DEBUG receive_response_headers.complete
2026-09-19 13:34:02,255Z httpcore.connection DEBUG close.started
2026-09-19 13:34:02,255Z httpcore.connection DEBUG close.complete
2026-09-19 13:34:02,255Z httpcore.connection DEBUG connect_tcp.started
2026-09-19 13:34:02,306Z httpcore.connection DEBUG connect_tcp.complete
2026-09-19 13:34:02,306Z httpcore.connection DEBUG start_tls.started
2026-09-19 13:34:02,329Z httpcore.connection DEBUG start_tls.complete
2026-09-19 13:34:02,330Z httpcore.http2 DEBUG send_request_headers.started
2026-09-19 13:34:02,330Z httpcore.http2 DEBUG send_request_headers.complete
2026-09-19 13:34:02,330Z httpcore.http2 DEBUG receive_response_headers.started
2026-09-19 13:34:02,429Z httpcore.http2 DEBUG receive_response_headers.complete
2026-09-19 13:34:13,900Z httpcore.connection DEBUG close.started
2026-09-19 13:34:13,901Z httpcore.connection DEBUG close.complete
2026-09-19 13:34:13,901Z httpcore.connection DEBUG connect_tcp.started
2026-09-19 13:34:13,943Z httpcore.connection DEBUG connect_tcp.complete
2026-09-19 13:34:13,943Z httpcore.connection DEBUG start_tls.started
2026-09-19 13:34:13,966Z httpcore.connection DEBUG start_tls.complete
2026-09-19 13:34:13,966Z httpcore.http2 DEBUG send_request_headers.started
2026-09-19 13:34:13,967Z httpcore.http2 DEBUG send_request_headers.complete
2026-09-19 13:34:13,967Z httpcore.http2 DEBUG receive_response_headers.started
2026-09-19 13:34:14,041Z httpcore.http2 DEBUG receive_response_headers.complete
2026-09-19 13:34:14,042Z httpcore.http2 DEBUG send_request_headers.started
2026-09-19 13:34:14,043Z httpcore.http2 DEBUG send_request_headers.complete
2026-09-19 13:34:14,043Z httpcore.http2 DEBUG receive_response_headers.started
2026-09-19 13:34:14,128Z httpcore.http2 DEBUG receive_response_headers.complete
2026-09-19 13:34:14,129Z httpcore.http2 DEBUG send_request_headers.started
2026-09-19 13:34:14,129Z httpcore.http2 DEBUG send_request_headers.complete
2026-09-19 13:34:14,130Z httpcore.http2 DEBUG receive_response_headers.started
2026-09-19 13:34:14,206Z httpcore.http2 DEBUG receive_response_headers.complete
