2026-09-18 00:14:27,601Z httpcore.connection DEBUG connect_tcp.started
2026-09-18 00:14:27,666Z httpcore.connection DEBUG connect_tcp.complete
2026-09-18 00:14:27,666Z httpcore.connection DEBUG start_tls.started
2026-09-18 00:14:27,694Z httpcore.connection DEBUG start_tls.complete
2026-09-18 00:14:27,695Z httpcore.http2 DEBUG send_request_headers.started
2026-09-18 00:14:27,695Z httpcore.http2 DEBUG send_request_headers.complete
2026-09-18 00:14:27,695Z httpcore.http2 DEBUG receive_response_headers.started
2026-09-18 00:14:28,577Z httpcore.http2 DEBUG receive_response_headers.complete
2026-09-18 00:14:28,587Z httpcore.connection DEBUG connect_tcp.started
2026-09-18 00:14:28,636Z httpcore.connection DEBUG connect_tcp.complete
2026-09-18 00:14:28,636Z httpcore.connection DEBUG start_tls.started
2026-09-18 00:14:28,670Z httpcore.connection DEBUG start_tls.complete
2026-09-18 00:14:28,670Z httpcore.http2 DEBUG send_request_headers.started
2026-09-18 00:14:28,671Z httpcore.http2 DEBUG send_request_headers.complete
2026-09-18 00:14:28,671Z httpcore.http2 DEBUG receive_response_headers.started
2026-09-18 00:14:28,869Z httpcore.http2 DEBUG receive_response_headers.complete
2026-09-18 00:14:29,800Z httpcore.connection DEBUG connect_tcp.started
2026-09-18 00:14:29,820Z httpcore.connection DEBUG connect_tcp.complete
2026-09-18 00:14:29,820Z httpcore.connection DEBUG start_tls.started
2026-09-18 00:14:29,845Z httpcore.connection DEBUG start_tls.complete
2026-09-18 00:14:29,845Z httpcore.http2 DEBUG send_request_headers.started
2026-09-18 00:14:29,846Z httpcore.http2 DEBUG send_request_headers.complete
2026-09-18 00:14:29,846Z httpcore.http2 DEBUG receive_response_headers.started
2026-09-18 00:14:30,495Z httpcore.http2 DEBUG receive_response_headers.complete
2026-09-18 00:14:31,616Z httpcore.http2 DEBUG send_request_headers.started
2026-09-18 00:14:31,617Z httpcore.http2 DEBUG send_request_headers.complete
2026-09-18 00:14:31,617Z httpcore.http2 DEBUG receive_response_headers.started
2026-09-18 00:14:31,707Z httpcore.http2 DEBUG receive_response_headers.complete
2026-09-18 00:14:31,713Z httpcore.connection DEBUG connect_tcp.started
2026-09-18 00:14:31,748Z httpcore.connection DEBUG connect_tcp.complete
2026-09-18 00:14:31,748Z httpcore.connection DEBUG start_tls.started
2026-09-18 00:14:31,771Z httpcore.connection DEBUG start_tls.complete
2026-09-18 00:14:31,771Z httpcore.http2 DEBUG send_request_headers.started
2026-09-18 00:14:31,773Z httpcore.http2 DEBUG send_request_headers.complete
2026-09-18 00:14:31,773Z httpcore.http2 DEBUG receive_response_headers.started
2026-09-18 00:14:32,110Z httpcore.http2 DEBUG receive_response_headers.complete
2026-09-18 00:14:32,152Z httpcore.http2 DEBUG send_request_headers.started
2026-09-18 00:14:32,153Z httpcore.http2 DEBUG send_request_headers.complete
2026-09-18 00:14:32,153Z httpcore.http2 DEBUG receive_response_headers.started
2026-09-18 00:14:32,260Z httpcore.http2 DEBUG receive_response_headers.complete
2026-09-18 00:14:32,274Z httpcore.http2 DEBUG send_request_headers.started
2026-09-18 00:14:32,275Z httpcore.http2 DEBUG send_request_headers.complete
2026-09-18 00:14:32,275Z httpcore.http2 DEBUG receive_response_headers.started
2026-09-18 00:14:32,373Z httpcore.http2 DEBUG receive_response_headers.complete
2026-09-18 00:14:32,389Z httpcore.http2 DEBUG send_request_headers.started
2026-09-18 00:14:32,390Z httpcore.http2 DEBUG send_request_headers.complete
2026-09-18 00:14:32,390Z httpcore.http2 DEBUG receive_response_headers.started
2026-09-18 00:14:32,488Z httpcore.http2 DEBUG receive_response_headers.complete
2026-09-18 00:14:32,503Z httpcore.http2 DEBUG send_request_headers.started
2026-09-18 00:14:32,504Z httpcore.http2 DEBUG send_request_headers.complete
2026-09-18 00:14:32,504Z httpcore.http2 DEBUG receive_response_headers.started
2026-09-18 00:14:32,596Z httpcore.http2 DEBUG receive_response_headers.complete
2026-09-18 00:14:32,610Z httpcore.http2 DEBUG send_request_headers.started
2026-09-18 00:14:32,611Z httpcore.http2 DEBUG send_request_headers.complete
2026-09-18 00:14:32,611Z httpcore.http2 DEBUG receive_response_headers.started
2026-09-18 00:14:32,718Z httpcore.http2 DEBUG receive_response_headers.complete
2026-09-18 00:14:32,732Z httpcore.http2 DEBUG send_request_headers.started
2026-09-18 00:14:32,733Z httpcore.http2 DEBUG send_request_headers.complete
2026-09-18 00:14:32,733Z httpcore.http2 DEBUG receive_response_headers.started
2026-09-18 00:14:32,823Z httpcore.http2 DEBUG receive_response_headers.complete
2026-09-18 00:14:40,672Z httpcore.connection DEBUG close.started
2026-09-18 00:14:40,672Z httpcore.connection DEBUG close.complete
2026-09-18 00:14:40,672Z httpcore.connection DEBUG connect_tcp.started
2026-09-18 00:14:40,730Z httpcore.connection DEBUG connect_tcp.complete
2026-09-18 00:14:40,730Z httpcore.connection DEBUG start_tls.started
2026-09-18 00:14:40,754Z httpcore.connection DEBUG start_tls.complete
2026-09-18 00:14:40,754Z httpcore.http2 DEBUG send_request_headers.started
2026-09-18 00:14:40,755Z httpcore.http2 DEBUG send_request_headers.complete
2026-09-18 00:14:40,755Z httpcore.http2 DEBUG receive_response_headers.started
2026-09-18 00:14:40,849Z httpcore.http2 DEBUG receive_response_headers.complete
2026-09-18 00:14:40,850Z httpcore.connection DEBUG close.started
2026-09-18 00:14:40,850Z httpcore.connection DEBUG close.complete
2026-09-18 00:14:40,850Z httpcore.connection DEBUG connect_tcp.started
2026-09-18 00:14:40,880Z httpcore.connection DEBUG connect_tcp.complete
2026-09-18 00:14:40,880Z httpcore.connection DEBUG start_tls.started
2026-09-18 00:14:40,903Z httpcore.connection DEBUG start_tls.complete
2026-09-18 00:14:40,903Z httpcore.http2 DEBUG send_request_headers.started
2026-09-18 00:14:40,904Z httpcore.http2 DEBUG send_request_headers.complete
2026-09-18 00:14:40,904Z httpcore.http2 DEBUG receive_response_headers.started
2026-09-18 00:14:40,992Z httpcore.http2 DEBUG receive_response_headers.complete
2026-09-18 00:14:40,993Z httpcore.http2 DEBUG send_request_headers.started
2026-09-18 00:14:40,994Z httpcore.http2 DEBUG send_request_headers.complete
2026-09-18 00:14:40,994Z httpcore.http2 DEBUG receive_response_headers.started
2026-09-18 00:14:41,085Z httpcore.http2 DEBUG receive_response_headers.complete
2026-09-18 00:14:41,085Z httpcore.http2 DEBUG send_request_headers.started
2026-09-18 00:14:41,086Z httpcore.http2 DEBUG send_request_headers.complete
2026-09-18 00:14:41,086Z httpcore.http2 DEBUG receive_response_headers.started
2026-09-18 00:14:41,165Z httpcore.http2 DEBUG receive_response_headers.complete
2026-09-18 00:14:41,166Z httpcore.http2 DEBUG send_request_headers.started
2026-09-18 00:14:41,167Z httpcore.http2 DEBUG send_request_headers.complete
2026-09-18 00:14:41,167Z httpcore.http2 DEBUG receive_response_headers.started
2026-09-18 00:14:41,243Z httpcore.http2 DEBUG receive_response_headers.complete
2026-09-18 00:14:46,947Z httpcore.connection DEBUG close.started
2026-09-18 00:14:46,948Z httpcore.connection DEBUG close.complete
2026-09-18 00:14:46,948Z httpcore.connection DEBUG connect_tcp.started
2026-09-18 00:14:46,997Z httpcore.connection DEBUG connect_tcp.complete
2026-09-18 00:14:46,997Z httpcore.connection DEBUG start_tls.started
2026-09-18 00:14:47,025Z httpcore.connection DEBUG start_tls.complete
2026-09-18 00:14:47,025Z httpcore.http2 DEBUG send_request_headers.started
2026-09-18 00:14:47,026Z httpcore.http2 DEBUG send_request_headers.complete
2026-09-18 00:14:47,027Z httpcore.http2 DEBUG receive_response_headers.started
2026-09-18 00:14:47,183Z httpcore.http2 DEBUG receive_response_headers.complete
2026-09-18 00:34:53,112Z httpcore.connection DEBUG close.started
2026-09-18 00:34:53,112Z httpcore.connection DEBUG close.complete
2026-09-18 00:34:53,112Z httpcore.connection DEBUG connect_tcp.started
2026-09-18 00:34:53,174Z httpcore.connection DEBUG connect_tcp.complete
2026-09-18 00:34:53,174Z httpcore.connection DEBUG start_tls.started
2026-09-18 00:34:53,198Z httpcore.connection DEBUG start_tls.complete
2026-09-18 00:34:53,198Z httpcore.http2 DEBUG send_request_headers.started
2026-09-18 00:34:53,199Z httpcore.http2 DEBUG send_request_headers.complete
2026-09-18 00:34:53,199Z httpcore.http2 DEBUG receive_response_headers.started
2026-09-18 00:34:53,902Z httpcore.http2 DEBUG receive_response_headers.complete
2026-09-18 00:34:53,913Z httpcore.http2 DEBUG send_request_headers.started
2026-09-18 00:34:53,916Z httpcore.http2 DEBUG send_request_headers.complete
2026-09-18 00:34:53,916Z httpcore.http2 DEBUG receive_response_headers.started
2026-09-18 00:34:54,063Z httpcore.http2 DEBUG receive_response_headers.complete
2026-09-18 00:34:54,065Z httpcore.http2 DEBUG send_request_headers.started
2026-09-18 00:34:54,067Z httpcore.http2 DEBUG send_request_headers.complete
2026-09-18 00:34:54,067Z httpcore.http2 DEBUG receive_response_headers.started
2026-09-18 00:34:54,158Z httpcore.http2 DEBUG receive_response_headers.complete
2026-09-18 00:34:54,160Z httpcore.http2 DEBUG send_request_headers.started
2026-09-18 00:34:54,162Z httpcore.http2 DEBUG send_request_headers.complete
2026-09-18 00:34:54,162Z httpcore.http2 DEBUG receive_response_headers.started
2026-09-18 00:34:54,249Z httpcore.http2 DEBUG receive_response_headers.complete
2026-09-18 00:34:54,251Z httpcore.http2 DEBUG send_request_headers.started
2026-09-18 00:34:54,253Z httpcore.http2 DEBUG send_request_headers.complete
2026-09-18 00:34:54,253Z httpcore.http2 DEBUG receive_response_headers.started
2026-09-18 00:34:54,338Z httpcore.http2 DEBUG receive_response_headers.complete
2026-09-18 00:34:54,340Z httpcore.http2 DEBUG send_request_headers.started
2026-09-18 00:34:54,342Z httpcore.http2 DEBUG send_request_headers.complete
2026-09-18 00:34:54,342Z httpcore.http2 DEBUG receive_response_headers.started
2026-09-18 00:34:54,425Z httpcore.http2 DEBUG receive_response_headers.complete
2026-09-18 00:34:54,426Z httpcore.http2 DEBUG send_request_headers.started
2026-09-18 00:34:54,429Z httpcore.http2 DEBUG send_request_headers.complete
2026-09-18 00:34:54,429Z httpcore.http2 DEBUG receive_response_headers.started
2026-09-18 00:34:54,533Z httpcore.http2 DEBUG receive_response_headers.complete
2026-09-18 00:34:54,534Z httpcore.http2 DEBUG send_request_headers.started
2026-09-18 00:34:54,536Z httpcore.http2 DEBUG send_request_headers.complete
2026-09-18 00:34:54,536Z httpcore.http2 DEBUG receive_response_headers.started
2026-09-18 00:34:54,639Z httpcore.http2 DEBUG receive_response_headers.complete
2026-09-18 00:34:54,640Z httpcore.http2 DEBUG send_request_headers.started
2026-09-18 00:34:54,642Z httpcore.http2 DEBUG send_request_headers.complete
2026-09-18 00:34:54,643Z httpcore.http2 DEBUG receive_response_headers.started
2026-09-18 00:34:54,759Z httpcore.http2 DEBUG receive_response_headers.complete
2026-09-18 00:34:54,761Z httpcore.http2 DEBUG send_request_headers.started
2026-09-18 00:34:54,763Z httpcore.http2 DEBUG send_request_headers.complete
2026-09-18 00:34:54,763Z httpcore.http2 DEBUG receive_response_headers.started
2026-09-18 00:34:54,843Z httpcore.http2 DEBUG receive_response_headers.complete
2026-09-18 00:34:54,844Z httpcore.http2 DEBUG send_request_headers.started
2026-09-18 00:34:54,846Z httpcore.http2 DEBUG send_request_headers.complete
2026-09-18 00:34:54,846Z httpcore.http2 DEBUG receive_response_headers.started
2026-09-18 00:34:54,930Z httpcore.http2 DEBUG receive_response_headers.complete
2026-09-18 00:34:54,931Z httpcore.http2 DEBUG send_request_headers.started
2026-09-18 00:34:54,933Z httpcore.http2 DEBUG send_request_headers.complete
2026-09-18 00:34:54,933Z httpcore.http2 DEBUG receive_response_headers.started
2026-09-18 00:34:55,013Z httpcore.http2 DEBUG receive_response_headers.complete
2026-09-18 00:34:55,014Z httpcore.http2 DEBUG send_request_headers.started
2026-09-18 00:34:55,017Z httpcore.http2 DEBUG send_request_headers.complete
2026-09-18 00:34:55,017Z httpcore.http2 DEBUG receive_response_headers.started
2026-09-18 00:34:55,105Z httpcore.http2 DEBUG receive_response_headers.complete
2026-09-18 00:34:55,107Z httpcore.http2 DEBUG send_request_headers.started
2026-09-18 00:34:55,109Z httpcore.http2 DEBUG send_request_headers.complete
2026-09-18 00:34:55,109Z httpcore.http2 DEBUG receive_response_headers.started
2026-09-18 00:34:55,301Z httpcore.http2 DEBUG receive_response_headers.complete
2026-09-18 00:34:55,302Z httpcore.http2 DEBUG send_request_headers.started
2026-09-18 00:34:55,304Z httpcore.http2 DEBUG send_request_headers.complete
2026-09-18 00:34:55,304Z httpcore.http2 DEBUG receive_response_headers.started
2026-09-18 00:34:55,388Z httpcore.http2 DEBUG receive_response_headers.complete
2026-09-18 00:34:55,390Z httpcore.http2 DEBUG send_request_headers.started
2026-09-18 00:34:55,392Z httpcore.http2 DEBUG send_request_headers.complete
2026-09-18 00:34:55,392Z httpcore.http2 DEBUG receive_response_headers.started
2026-09-18 00:34:55,473Z httpcore.http2 DEBUG receive_response_headers.complete
2026-09-18 00:34:55,474Z httpcore.http2 DEBUG send_request_headers.started
2026-09-18 00:34:55,476Z httpcore.http2 DEBUG send_request_headers.complete
2026-09-18 00:34:55,476Z httpcore.http2 DEBUG receive_response_headers.started
2026-09-18 00:34:55,559Z httpcore.http2 DEBUG receive_response_headers.complete
2026-09-18 00:34:55,561Z httpcore.http2 DEBUG send_request_headers.started
2026-09-18 00:34:55,563Z httpcore.http2 DEBUG send_request_headers.complete
2026-09-18 00:34:55,563Z httpcore.http2 DEBUG receive_response_headers.started
2026-09-18 00:34:55,640Z httpcore.http2 DEBUG receive_response_headers.complete
2026-09-18 00:34:55,642Z httpcore.http2 DEBUG send_request_headers.started
2026-09-18 00:34:55,644Z httpcore.http2 DEBUG send_request_headers.complete
2026-09-18 00:34:55,644Z httpcore.http2 DEBUG receive_response_headers.started
2026-09-18 00:34:55,730Z httpcore.http2 DEBUG receive_response_headers.complete
2026-09-18 00:34:55,732Z httpcore.http2 DEBUG send_request_headers.started
2026-09-18 00:34:55,734Z httpcore.http2 DEBUG send_request_headers.complete
2026-09-18 00:34:55,734Z httpcore.http2 DEBUG receive_response_headers.started
2026-09-18 00:34:55,824Z httpcore.http2 DEBUG receive_response_headers.complete
2026-09-18 00:34:55,826Z httpcore.http2 DEBUG send_request_headers.started
2026-09-18 00:34:55,828Z httpcore.http2 DEBUG send_request_headers.complete
2026-09-18 00:34:55,828Z httpcore.http2 DEBUG receive_response_headers.started
2026-09-18 00:34:55,918Z httpcore.http2 DEBUG receive_response_headers.complete
2026-09-18 00:34:55,920Z httpcore.http2 DEBUG send_request_headers.started
2026-09-18 00:34:55,922Z httpcore.http2 DEBUG send_request_headers.complete
2026-09-18 00:34:55,922Z httpcore.http2 DEBUG receive_response_headers.started
2026-09-18 00:34:56,005Z httpcore.http2 DEBUG receive_response_headers.complete
2026-09-18 00:34:56,007Z httpcore.http2 DEBUG send_request_headers.started
2026-09-18 00:34:56,009Z httpcore.http2 DEBUG send_request_headers.complete
2026-09-18 00:34:56,009Z httpcore.http2 DEBUG receive_response_headers.started
2026-09-18 00:34:56,138Z httpcore.http2 DEBUG receive_response_headers.complete
2026-09-18 00:34:56,140Z httpcore.http2 DEBUG send_request_headers.started
2026-09-18 00:34:56,142Z httpcore.http2 DEBUG send_request_headers.complete
2026-09-18 00:34:56,142Z httpcore.http2 DEBUG receive_response_headers.started
2026-09-18 00:34:56,238Z httpcore.http2 DEBUG receive_response_headers.complete
2026-09-18 00:34:56,239Z httpcore.http2 DEBUG send_request_headers.started
2026-09-18 00:34:56,241Z httpcore.http2 DEBUG send_request_headers.complete
2026-09-18 00:34:56,241Z httpcore.http2 DEBUG receive_response_headers.started
2026-09-18 00:34:56,322Z httpcore.http2 DEBUG receive_response_headers.complete
2026-09-18 00:34:56,324Z httpcore.http2 DEBUG send_request_headers.started
2026-09-18 00:34:56,326Z httpcore.http2 DEBUG send_request_headers.complete
2026-09-18 00:34:56,326Z httpcore.http2 DEBUG receive_response_headers.started
2026-09-18 00:34:56,408Z httpcore.http2 DEBUG receive_response_headers.complete
2026-09-18 00:34:56,409Z httpcore.http2 DEBUG send_request_headers.started
2026-09-18 00:34:56,412Z httpcore.http2 DEBUG send_request_headers.complete
2026-09-18 00:34:56,412Z httpcore.http2 DEBUG receive_response_headers.started
2026-09-18 00:34:56,490Z httpcore.http2 DEBUG receive_response_headers.complete
2026-09-18 00:34:56,491Z httpcore.http2 DEBUG send_request_headers.started
2026-09-18 00:34:56,493Z httpcore.http2 DEBUG send_request_headers.complete
2026-09-18 00:34:56,493Z httpcore.http2 DEBUG receive_response_headers.started
2026-09-18 00:34:56,656Z httpcore.http2 DEBUG receive_response_headers.complete
2026-09-18 00:34:56,658Z httpcore.http2 DEBUG send_request_headers.started
2026-09-18 00:34:56,660Z httpcore.http2 DEBUG send_request_headers.complete
2026-09-18 00:34:56,660Z httpcore.http2 DEBUG receive_response_headers.started
2026-09-18 00:34:56,743Z httpcore.http2 DEBUG receive_response_headers.complete
2026-09-18 00:34:56,745Z httpcore.http2 DEBUG send_request_headers.started
2026-09-18 00:34:56,747Z httpcore.http2 DEBUG send_request_headers.complete
2026-09-18 00:34:56,747Z httpcore.http2 DEBUG receive_response_headers.started
2026-09-18 00:34:56,826Z httpcore.http2 DEBUG receive_response_headers.complete
2026-09-18 00:34:56,827Z httpcore.http2 DEBUG send_request_headers.started
2026-09-18 00:34:56,830Z httpcore.http2 DEBUG send_request_headers.complete
2026-09-18 00:34:56,830Z httpcore.http2 DEBUG receive_response_headers.started
2026-09-18 00:34:56,937Z httpcore.http2 DEBUG receive_response_headers.complete
2026-09-18 00:34:56,939Z httpcore.http2 DEBUG send_request_headers.started
2026-09-18 00:34:56,941Z httpcore.http2 DEBUG send_request_headers.complete
2026-09-18 00:34:56,941Z httpcore.http2 DEBUG receive_response_headers.started
2026-09-18 00:34:57,022Z httpcore.http2 DEBUG receive_response_headers.complete
2026-09-18 00:34:57,024Z httpcore.http2 DEBUG send_request_headers.started
2026-09-18 00:34:57,026Z httpcore.http2 DEBUG send_request_headers.complete
2026-09-18 00:34:57,026Z httpcore.http2 DEBUG receive_response_headers.started
2026-09-18 00:34:57,109Z httpcore.http2 DEBUG receive_response_headers.complete
2026-09-18 00:34:57,110Z httpcore.http2 DEBUG send_request_headers.started
2026-09-18 00:34:57,113Z httpcore.http2 DEBUG send_request_headers.complete
2026-09-18 00:34:57,113Z httpcore.http2 DEBUG receive_response_headers.started
2026-09-18 00:34:57,193Z httpcore.http2 DEBUG receive_response_headers.complete
2026-09-18 00:34:57,195Z httpcore.http2 DEBUG send_request_headers.started
2026-09-18 00:34:57,197Z httpcore.http2 DEBUG send_request_headers.complete
2026-09-18 00:34:57,197Z httpcore.http2 DEBUG receive_response_headers.started
2026-09-18 00:34:57,278Z httpcore.http2 DEBUG receive_response_headers.complete
2026-09-18 00:34:57,279Z httpcore.http2 DEBUG send_request_headers.started
2026-09-18 00:34:57,281Z httpcore.http2 DEBUG send_request_headers.complete
2026-09-18 00:34:57,281Z httpcore.http2 DEBUG receive_response_headers.started
2026-09-18 00:34:57,363Z httpcore.http2 DEBUG receive_response_headers.complete
2026-09-18 00:34:57,365Z httpcore.http2 DEBUG send_request_headers.started
2026-09-18 00:34:57,367Z httpcore.http2 DEBUG send_request_headers.complete
2026-09-18 00:34:57,367Z httpcore.http2 DEBUG receive_response_headers.started
2026-09-18 00:34:57,445Z httpcore.http2 DEBUG receive_response_headers.complete
2026-09-18 00:34:57,446Z httpcore.http2 DEBUG send_request_headers.started
2026-09-18 00:34:57,449Z httpcore.http2 DEBUG send_request_headers.complete
2026-09-18 00:34:57,449Z httpcore.http2 DEBUG receive_response_headers.started
2026-09-18 00:34:57,551Z httpcore.http2 DEBUG receive_response_headers.complete
2026-09-18 00:34:57,552Z httpcore.http2 DEBUG send_request_headers.started
2026-09-18 00:34:57,554Z httpcore.http2 DEBUG send_request_headers.complete
2026-09-18 00:34:57,554Z httpcore.http2 DEBUG receive_response_headers.started
2026-09-18 00:34:57,638Z httpcore.http2 DEBUG receive_response_headers.complete
2026-09-18 00:34:57,639Z httpcore.http2 DEBUG send_request_headers.started
2026-09-18 00:34:57,642Z httpcore.http2 DEBUG send_request_headers.complete
2026-09-18 00:34:57,642Z httpcore.http2 DEBUG receive_response_headers.started
2026-09-18 00:34:57,726Z httpcore.http2 DEBUG receive_response_headers.complete
2026-09-18 00:34:57,728Z httpcore.http2 DEBUG send_request_headers.started
2026-09-18 00:34:57,730Z httpcore.http2 DEBUG send_request_headers.complete
2026-09-18 00:34:57,730Z httpcore.http2 DEBUG receive_response_headers.started
2026-09-18 00:34:57,815Z httpcore.http2 DEBUG receive_response_headers.complete
2026-09-18 00:34:57,816Z httpcore.http2 DEBUG send_request_headers.started
2026-09-18 00:34:57,819Z httpcore.http2 DEBUG send_request_headers.complete
2026-09-18 00:34:57,819Z httpcore.http2 DEBUG receive_response_headers.started
2026-09-18 00:34:57,897Z httpcore.http2 DEBUG receive_response_headers.complete
2026-09-18 00:34:57,898Z httpcore.http2 DEBUG send_request_headers.started
2026-09-18 00:34:57,901Z httpcore.http2 DEBUG send_request_headers.complete
2026-09-18 00:34:57,901Z httpcore.http2 DEBUG receive_response_headers.started
2026-09-18 00:34:57,980Z httpcore.http2 DEBUG receive_response_headers.complete
2026-09-18 00:34:57,981Z httpcore.http2 DEBUG send_request_headers.started
2026-09-18 00:34:57,984Z httpcore.http2 DEBUG send_request_headers.complete
2026-09-18 00:34:57,984Z httpcore.http2 DEBUG receive_response_headers.started
2026-09-18 00:34:58,066Z httpcore.http2 DEBUG receive_response_headers.complete
2026-09-18 00:34:58,067Z httpcore.http2 DEBUG send_request_headers.started
2026-09-18 00:34:58,070Z httpcore.http2 DEBUG send_request_headers.complete
2026-09-18 00:34:58,070Z httpcore.http2 DEBUG receive_response_headers.started
2026-09-18 00:34:58,149Z httpcore.http2 DEBUG receive_response_headers.complete
2026-09-18 00:34:58,151Z httpcore.http2 DEBUG send_request_headers.started
2026-09-18 00:34:58,153Z httpcore.http2 DEBUG send_request_headers.complete
2026-09-18 00:34:58,153Z httpcore.http2 DEBUG receive_response_headers.started
2026-09-18 00:34:58,251Z httpcore.http2 DEBUG receive_response_headers.complete
2026-09-18 00:34:58,252Z httpcore.http2 DEBUG send_request_headers.started
2026-09-18 00:34:58,254Z httpcore.http2 DEBUG send_request_headers.complete
2026-09-18 00:34:58,255Z httpcore.http2 DEBUG receive_response_headers.started
2026-09-18 00:34:58,333Z httpcore.http2 DEBUG receive_response_headers.complete
2026-09-18 00:34:58,335Z httpcore.http2 DEBUG send_request_headers.started
2026-09-18 00:34:58,337Z httpcore.http2 DEBUG send_request_headers.complete
2026-09-18 00:34:58,337Z httpcore.http2 DEBUG receive_response_headers.started
2026-09-18 00:34:58,420Z httpcore.http2 DEBUG receive_response_headers.complete
2026-09-18 00:34:58,421Z httpcore.http2 DEBUG send_request_headers.started
2026-09-18 00:34:58,423Z httpcore.http2 DEBUG send_request_headers.complete
2026-09-18 00:34:58,423Z httpcore.http2 DEBUG receive_response_headers.started
2026-09-18 00:34:58,505Z httpcore.http2 DEBUG receive_response_headers.complete
2026-09-18 00:34:58,506Z httpcore.http2 DEBUG send_request_headers.started
2026-09-18 00:34:58,509Z httpcore.http2 DEBUG send_request_headers.complete
2026-09-18 00:34:58,509Z httpcore.http2 DEBUG receive_response_headers.started
2026-09-18 00:34:58,588Z httpcore.http2 DEBUG receive_response_headers.complete
2026-09-18 00:34:58,589Z httpcore.http2 DEBUG send_request_headers.started
2026-09-18 00:34:58,591Z httpcore.http2 DEBUG send_request_headers.complete
2026-09-18 00:34:58,591Z httpcore.http2 DEBUG receive_response_headers.started
2026-09-18 00:34:58,672Z httpcore.http2 DEBUG receive_response_headers.complete
2026-09-18 00:34:58,674Z httpcore.http2 DEBUG send_request_headers.started
2026-09-18 00:34:58,676Z httpcore.http2 DEBUG send_request_headers.complete
2026-09-18 00:34:58,676Z httpcore.http2 DEBUG receive_response_headers.started
2026-09-18 00:34:58,758Z httpcore.http2 DEBUG receive_response_headers.complete
2026-09-18 00:34:58,759Z httpcore.http2 DEBUG send_request_headers.started
2026-09-18 00:34:58,761Z httpcore.http2 DEBUG send_request_headers.complete
2026-09-18 00:34:58,762Z httpcore.http2 DEBUG receive_response_headers.started
2026-09-18 00:34:58,845Z httpcore.http2 DEBUG receive_response_headers.complete
2026-09-18 00:34:58,846Z httpcore.http2 DEBUG send_request_headers.started
2026-09-18 00:34:58,848Z httpcore.http2 DEBUG send_request_headers.complete
2026-09-18 00:34:58,848Z httpcore.http2 DEBUG receive_response_headers.started
2026-09-18 00:34:58,930Z httpcore.http2 DEBUG receive_response_headers.complete
2026-09-18 00:34:58,932Z httpcore.http2 DEBUG send_request_headers.started
2026-09-18 00:34:58,934Z httpcore.http2 DEBUG send_request_headers.complete
2026-09-18 00:34:58,934Z httpcore.http2 DEBUG receive_response_headers.started
2026-09-18 00:34:59,039Z httpcore.http2 DEBUG receive_response_headers.complete
2026-09-18 00:34:59,041Z httpcore.http2 DEBUG send_request_headers.started
2026-09-18 00:34:59,043Z httpcore.http2 DEBUG send_request_headers.complete
2026-09-18 00:34:59,043Z httpcore.http2 DEBUG receive_response_headers.started
2026-09-18 00:34:59,128Z httpcore.http2 DEBUG receive_response_headers.complete
2026-09-18 00:34:59,129Z httpcore.http2 DEBUG send_request_headers.started
2026-09-18 00:34:59,132Z httpcore.http2 DEBUG send_request_headers.complete
2026-09-18 00:34:59,132Z httpcore.http2 DEBUG receive_response_headers.started
2026-09-18 00:34:59,215Z httpcore.http2 DEBUG receive_response_headers.complete
2026-09-18 00:34:59,217Z httpcore.http2 DEBUG send_request_headers.started
2026-09-18 00:34:59,219Z httpcore.http2 DEBUG send_request_headers.complete
2026-09-18 00:34:59,219Z httpcore.http2 DEBUG receive_response_headers.started
2026-09-18 00:34:59,312Z httpcore.http2 DEBUG receive_response_headers.complete
2026-09-18 00:34:59,313Z httpcore.http2 DEBUG send_request_headers.started
2026-09-18 00:34:59,316Z httpcore.http2 DEBUG send_request_headers.complete
2026-09-18 00:34:59,316Z httpcore.http2 DEBUG receive_response_headers.started
2026-09-18 00:34:59,409Z httpcore.http2 DEBUG receive_response_headers.complete
2026-09-18 00:34:59,411Z httpcore.http2 DEBUG send_request_headers.started
2026-09-18 00:34:59,413Z httpcore.http2 DEBUG send_request_headers.complete
2026-09-18 00:34:59,413Z httpcore.http2 DEBUG receive_response_headers.started
2026-09-18 00:34:59,494Z httpcore.http2 DEBUG receive_response_headers.complete
2026-09-18 00:34:59,496Z httpcore.http2 DEBUG send_request_headers.started
2026-09-18 00:34:59,498Z httpcore.http2 DEBUG send_request_headers.complete
2026-09-18 00:34:59,498Z httpcore.http2 DEBUG receive_response_headers.started
2026-09-18 00:34:59,576Z httpcore.http2 DEBUG receive_response_headers.complete
2026-09-18 00:34:59,578Z httpcore.http2 DEBUG send_request_headers.started
2026-09-18 00:34:59,580Z httpcore.http2 DEBUG send_request_headers.complete
2026-09-18 00:34:59,580Z httpcore.http2 DEBUG receive_response_headers.started
2026-09-18 00:34:59,654Z httpcore.http2 DEBUG receive_response_headers.complete
2026-09-18 00:34:59,655Z httpcore.http2 DEBUG send_request_headers.started
2026-09-18 00:34:59,658Z httpcore.http2 DEBUG send_request_headers.complete
2026-09-18 00:34:59,658Z httpcore.http2 DEBUG receive_response_headers.started
2026-09-18 00:34:59,766Z httpcore.http2 DEBUG receive_response_headers.complete
2026-09-18 00:34:59,767Z httpcore.http2 DEBUG send_request_headers.started
2026-09-18 00:34:59,770Z httpcore.http2 DEBUG send_request_headers.complete
2026-09-18 00:34:59,770Z httpcore.http2 DEBUG receive_response_headers.started
2026-09-18 00:34:59,851Z httpcore.http2 DEBUG receive_response_headers.complete
2026-09-18 00:34:59,852Z httpcore.http2 DEBUG send_request_headers.started
2026-09-18 00:34:59,854Z httpcore.http2 DEBUG send_request_headers.complete
2026-09-18 00:34:59,855Z httpcore.http2 DEBUG receive_response_headers.started
2026-09-18 00:34:59,938Z httpcore.http2 DEBUG receive_response_headers.complete
2026-09-18 00:34:59,939Z httpcore.http2 DEBUG send_request_headers.started
2026-09-18 00:34:59,941Z httpcore.http2 DEBUG send_request_headers.complete
2026-09-18 00:34:59,942Z httpcore.http2 DEBUG receive_response_headers.started
2026-09-18 00:35:00,025Z httpcore.http2 DEBUG receive_response_headers.complete
2026-09-18 00:35:00,027Z httpcore.http2 DEBUG send_request_headers.started
2026-09-18 00:35:00,029Z httpcore.http2 DEBUG send_request_headers.complete
2026-09-18 00:35:00,029Z httpcore.http2 DEBUG receive_response_headers.started
2026-09-18 00:35:00,113Z httpcore.http2 DEBUG receive_response_headers.complete
2026-09-18 00:35:00,115Z httpcore.http2 DEBUG send_request_headers.started
2026-09-18 00:35:00,117Z httpcore.http2 DEBUG send_request_headers.complete
2026-09-18 00:35:00,117Z httpcore.http2 DEBUG receive_response_headers.started
2026-09-18 00:35:00,201Z httpcore.http2 DEBUG receive_response_headers.complete
2026-09-18 00:35:00,203Z httpcore.http2 DEBUG send_request_headers.started
2026-09-18 00:35:00,205Z httpcore.http2 DEBUG send_request_headers.complete
2026-09-18 00:35:00,205Z httpcore.http2 DEBUG receive_response_headers.started
2026-09-18 00:35:00,294Z httpcore.http2 DEBUG receive_response_headers.complete
2026-09-18 00:35:00,295Z httpcore.http2 DEBUG send_request_headers.started
2026-09-18 00:35:00,298Z httpcore.http2 DEBUG send_request_headers.complete
2026-09-18 00:35:00,298Z httpcore.http2 DEBUG receive_response_headers.started
2026-09-18 00:35:00,411Z httpcore.http2 DEBUG receive_response_headers.complete
2026-09-18 00:35:00,413Z httpcore.http2 DEBUG send_request_headers.started
2026-09-18 00:35:00,415Z httpcore.http2 DEBUG send_request_headers.complete
2026-09-18 00:35:00,415Z httpcore.http2 DEBUG receive_response_headers.started
2026-09-18 00:35:00,492Z httpcore.http2 DEBUG receive_response_headers.complete
2026-09-18 00:35:00,494Z httpcore.http2 DEBUG send_request_headers.started
2026-09-18 00:35:00,496Z httpcore.http2 DEBUG send_request_headers.complete
2026-09-18 00:35:00,496Z httpcore.http2 DEBUG receive_response_headers.started
2026-09-18 00:35:00,577Z httpcore.http2 DEBUG receive_response_headers.complete
2026-09-18 00:35:00,578Z httpcore.http2 DEBUG send_request_headers.started
2026-09-18 00:35:00,581Z httpcore.http2 DEBUG send_request_headers.complete
2026-09-18 00:35:00,581Z httpcore.http2 DEBUG receive_response_headers.started
2026-09-18 00:35:00,666Z httpcore.http2 DEBUG receive_response_headers.complete
2026-09-18 00:35:00,667Z httpcore.http2 DEBUG send_request_headers.started
2026-09-18 00:35:00,669Z httpcore.http2 DEBUG send_request_headers.complete
2026-09-18 00:35:00,669Z httpcore.http2 DEBUG receive_response_headers.started
2026-09-18 00:35:00,756Z httpcore.http2 DEBUG receive_response_headers.complete
2026-09-18 00:35:00,758Z httpcore.http2 DEBUG send_request_headers.started
2026-09-18 00:35:00,760Z httpcore.http2 DEBUG send_request_headers.complete
2026-09-18 00:35:00,760Z httpcore.http2 DEBUG receive_response_headers.started
2026-09-18 00:35:00,839Z httpcore.http2 DEBUG receive_response_headers.complete
2026-09-18 00:35:00,841Z httpcore.http2 DEBUG send_request_headers.started
2026-09-18 00:35:00,843Z httpcore.http2 DEBUG send_request_headers.complete
2026-09-18 00:35:00,843Z httpcore.http2 DEBUG receive_response_headers.started
2026-09-18 00:35:00,952Z httpcore.http2 DEBUG receive_response_headers.complete
2026-09-18 00:35:00,953Z httpcore.http2 DEBUG send_request_headers.started
2026-09-18 00:35:00,956Z httpcore.http2 DEBUG send_request_headers.complete
2026-09-18 00:35:00,956Z httpcore.http2 DEBUG receive_response_headers.started
2026-09-18 00:35:01,033Z httpcore.http2 DEBUG receive_response_headers.complete
2026-09-18 00:35:01,034Z httpcore.http2 DEBUG send_request_headers.started
2026-09-18 00:35:01,036Z httpcore.http2 DEBUG send_request_headers.complete
2026-09-18 00:35:01,036Z httpcore.http2 DEBUG receive_response_headers.started
2026-09-18 00:35:01,117Z httpcore.http2 DEBUG receive_response_headers.complete
2026-09-18 00:35:01,118Z httpcore.http2 DEBUG send_request_headers.started
2026-09-18 00:35:01,120Z httpcore.http2 DEBUG send_request_headers.complete
2026-09-18 00:35:01,120Z httpcore.http2 DEBUG receive_response_headers.started
2026-09-18 00:35:01,199Z httpcore.http2 DEBUG receive_response_headers.complete
2026-09-18 00:35:01,201Z httpcore.http2 DEBUG send_request_headers.started
2026-09-18 00:35:01,203Z httpcore.http2 DEBUG send_request_headers.complete
2026-09-18 00:35:01,203Z httpcore.http2 DEBUG receive_response_headers.started
2026-09-18 00:35:01,281Z httpcore.http2 DEBUG receive_response_headers.complete
2026-09-18 00:35:01,283Z httpcore.http2 DEBUG send_request_headers.started
2026-09-18 00:35:01,285Z httpcore.http2 DEBUG send_request_headers.complete
2026-09-18 00:35:01,285Z httpcore.http2 DEBUG receive_response_headers.started
2026-09-18 00:35:01,366Z httpcore.http2 DEBUG receive_response_headers.complete
2026-09-18 00:35:01,367Z httpcore.http2 DEBUG send_request_headers.started
2026-09-18 00:35:01,370Z httpcore.http2 DEBUG send_request_headers.complete
2026-09-18 00:35:01,370Z httpcore.http2 DEBUG receive_response_headers.started
2026-09-18 00:35:01,449Z httpcore.http2 DEBUG receive_response_headers.complete
2026-09-18 00:35:01,450Z httpcore.http2 DEBUG send_request_headers.started
2026-09-18 00:35:01,453Z httpcore.http2 DEBUG send_request_headers.complete
2026-09-18 00:35:01,453Z httpcore.http2 DEBUG receive_response_headers.started
2026-09-18 00:35:01,534Z httpcore.http2 DEBUG receive_response_headers.complete
2026-09-18 00:35:01,535Z httpcore.http2 DEBUG send_request_headers.started
2026-09-18 00:35:01,537Z httpcore.http2 DEBUG send_request_headers.complete
2026-09-18 00:35:01,537Z httpcore.http2 DEBUG receive_response_headers.started
2026-09-18 00:35:01,642Z httpcore.http2 DEBUG receive_response_headers.complete
2026-09-18 00:35:01,644Z httpcore.http2 DEBUG send_request_headers.started
2026-09-18 00:35:01,646Z httpcore.http2 DEBUG send_request_headers.complete
2026-09-18 00:35:01,646Z httpcore.http2 DEBUG receive_response_headers.started
2026-09-18 00:35:01,724Z httpcore.http2 DEBUG receive_response_headers.complete
2026-09-18 00:35:01,725Z httpcore.http2 DEBUG send_request_headers.started
2026-09-18 00:35:01,727Z httpcore.http2 DEBUG send_request_headers.complete
2026-09-18 00:35:01,727Z httpcore.http2 DEBUG receive_response_headers.started
2026-09-18 00:35:01,806Z httpcore.http2 DEBUG receive_response_headers.complete
2026-09-18 00:35:01,808Z httpcore.http2 DEBUG send_request_headers.started
2026-09-18 00:35:01,812Z httpcore.http2 DEBUG send_request_headers.complete
2026-09-18 00:35:01,812Z httpcore.http2 DEBUG receive_response_headers.started
2026-09-18 00:35:01,910Z httpcore.http2 DEBUG receive_response_headers.complete
2026-09-18 00:35:01,912Z httpcore.http2 DEBUG send_request_headers.started
2026-09-18 00:35:01,916Z httpcore.http2 DEBUG send_request_headers.complete
2026-09-18 00:35:01,916Z httpcore.http2 DEBUG receive_response_headers.started
2026-09-18 00:35:02,005Z httpcore.http2 DEBUG receive_response_headers.complete
2026-09-18 00:35:02,007Z httpcore.http2 DEBUG send_request_headers.started
2026-09-18 00:35:02,009Z httpcore.http2 DEBUG send_request_headers.complete
2026-09-18 00:35:02,009Z httpcore.http2 DEBUG receive_response_headers.started
2026-09-18 00:35:02,097Z httpcore.http2 DEBUG receive_response_headers.complete
2026-09-18 00:35:02,099Z httpcore.http2 DEBUG send_request_headers.started
2026-09-18 00:35:02,101Z httpcore.http2 DEBUG send_request_headers.complete
2026-09-18 00:35:02,101Z httpcore.http2 DEBUG receive_response_headers.started
2026-09-18 00:35:02,200Z httpcore.http2 DEBUG receive_response_headers.complete
2026-09-18 00:35:02,202Z httpcore.http2 DEBUG send_request_headers.started
2026-09-18 00:35:02,204Z httpcore.http2 DEBUG send_request_headers.complete
2026-09-18 00:35:02,204Z httpcore.http2 DEBUG receive_response_headers.started
2026-09-18 00:35:02,284Z httpcore.http2 DEBUG receive_response_headers.complete
2026-09-18 00:35:02,286Z httpcore.http2 DEBUG send_request_headers.started
2026-09-18 00:35:02,288Z httpcore.http2 DEBUG send_request_headers.complete
2026-09-18 00:35:02,288Z httpcore.http2 DEBUG receive_response_headers.started
2026-09-18 00:35:02,371Z httpcore.http2 DEBUG receive_response_headers.complete
2026-09-18 00:35:02,372Z httpcore.http2 DEBUG send_request_headers.started
2026-09-18 00:35:02,374Z httpcore.http2 DEBUG send_request_headers.complete
2026-09-18 00:35:02,374Z httpcore.http2 DEBUG receive_response_headers.started
2026-09-18 00:35:02,457Z httpcore.http2 DEBUG receive_response_headers.complete
2026-09-18 00:35:02,459Z httpcore.http2 DEBUG send_request_headers.started
2026-09-18 00:35:02,461Z httpcore.http2 DEBUG send_request_headers.complete
2026-09-18 00:35:02,462Z httpcore.http2 DEBUG receive_response_headers.started
2026-09-18 00:35:02,548Z httpcore.http2 DEBUG receive_response_headers.complete
2026-09-18 00:35:02,549Z httpcore.http2 DEBUG send_request_headers.started
2026-09-18 00:35:02,552Z httpcore.http2 DEBUG send_request_headers.complete
2026-09-18 00:35:02,552Z httpcore.http2 DEBUG receive_response_headers.started
2026-09-18 00:35:02,635Z httpcore.http2 DEBUG receive_response_headers.complete
2026-09-18 00:35:02,636Z httpcore.http2 DEBUG send_request_headers.started
2026-09-18 00:35:02,639Z httpcore.http2 DEBUG send_request_headers.complete
2026-09-18 00:35:02,639Z httpcore.http2 DEBUG receive_response_headers.started
2026-09-18 00:35:02,749Z httpcore.http2 DEBUG receive_response_headers.complete
2026-09-18 00:35:02,751Z httpcore.http2 DEBUG send_request_headers.started
2026-09-18 00:35:02,753Z httpcore.http2 DEBUG send_request_headers.complete
2026-09-18 00:35:02,753Z httpcore.http2 DEBUG receive_response_headers.started
2026-09-18 00:35:02,834Z httpcore.http2 DEBUG receive_response_headers.complete
2026-09-18 00:35:02,835Z httpcore.http2 DEBUG send_request_headers.started
2026-09-18 00:35:02,838Z httpcore.http2 DEBUG send_request_headers.complete
2026-09-18 00:35:02,838Z httpcore.http2 DEBUG receive_response_headers.started
2026-09-18 00:35:02,916Z httpcore.http2 DEBUG receive_response_headers.complete
2026-09-18 00:35:02,918Z httpcore.http2 DEBUG send_request_headers.started
2026-09-18 00:35:02,922Z httpcore.http2 DEBUG send_request_headers.complete
2026-09-18 00:35:02,922Z httpcore.http2 DEBUG receive_response_headers.started
2026-09-18 00:35:03,005Z httpcore.http2 DEBUG receive_response_headers.complete
2026-09-18 00:35:03,006Z httpcore.http2 DEBUG send_request_headers.started
2026-09-18 00:35:03,010Z httpcore.http2 DEBUG send_request_headers.complete
2026-09-18 00:35:03,010Z httpcore.http2 DEBUG receive_response_headers.started
2026-09-18 00:35:03,094Z httpcore.http2 DEBUG receive_response_headers.complete
2026-09-18 00:35:03,095Z httpcore.http2 DEBUG send_request_headers.started
2026-09-18 00:35:03,097Z httpcore.http2 DEBUG send_request_headers.complete
2026-09-18 00:35:03,097Z httpcore.http2 DEBUG receive_response_headers.started
2026-09-18 00:35:03,180Z httpcore.http2 DEBUG receive_response_headers.complete
2026-09-18 00:35:03,182Z httpcore.http2 DEBUG send_request_headers.started
2026-09-18 00:35:03,184Z httpcore.http2 DEBUG send_request_headers.complete
2026-09-18 00:35:03,184Z httpcore.http2 DEBUG receive_response_headers.started
2026-09-18 00:35:03,265Z httpcore.http2 DEBUG receive_response_headers.complete
2026-09-18 00:35:03,266Z httpcore.http2 DEBUG send_request_headers.started
2026-09-18 00:35:03,268Z httpcore.http2 DEBUG send_request_headers.complete
2026-09-18 00:35:03,268Z httpcore.http2 DEBUG receive_response_headers.started
2026-09-18 00:35:03,376Z httpcore.http2 DEBUG receive_response_headers.complete
2026-09-18 00:35:03,378Z httpcore.http2 DEBUG send_request_headers.started
2026-09-18 00:35:03,380Z httpcore.http2 DEBUG send_request_headers.complete
2026-09-18 00:35:03,380Z httpcore.http2 DEBUG receive_response_headers.started
2026-09-18 00:35:03,467Z httpcore.http2 DEBUG receive_response_headers.complete
2026-09-18 00:35:03,468Z httpcore.http2 DEBUG send_request_headers.started
2026-09-18 00:35:03,470Z httpcore.http2 DEBUG send_request_headers.complete
2026-09-18 00:35:03,470Z httpcore.http2 DEBUG receive_response_headers.started
2026-09-18 00:35:03,556Z httpcore.http2 DEBUG receive_response_headers.complete
2026-09-18 00:35:03,558Z httpcore.http2 DEBUG send_request_headers.started
2026-09-18 00:35:03,560Z httpcore.http2 DEBUG send_request_headers.complete
2026-09-18 00:35:03,561Z httpcore.http2 DEBUG receive_response_headers.started
2026-09-18 00:35:03,644Z httpcore.http2 DEBUG receive_response_headers.complete
2026-09-18 00:35:03,646Z httpcore.http2 DEBUG send_request_headers.started
2026-09-18 00:35:03,651Z httpcore.http2 DEBUG send_request_headers.complete
2026-09-18 00:35:03,651Z httpcore.http2 DEBUG receive_response_headers.started
2026-09-18 00:35:03,738Z httpcore.http2 DEBUG receive_response_headers.complete
2026-09-18 00:35:03,740Z httpcore.http2 DEBUG send_request_headers.started
2026-09-18 00:35:03,745Z httpcore.http2 DEBUG send_request_headers.complete
2026-09-18 00:35:03,745Z httpcore.http2 DEBUG receive_response_headers.started
2026-09-18 00:35:03,833Z httpcore.http2 DEBUG receive_response_headers.complete
2026-09-18 00:35:03,835Z httpcore.http2 DEBUG send_request_headers.started
2026-09-18 00:35:03,839Z httpcore.http2 DEBUG send_request_headers.complete
2026-09-18 00:35:03,839Z httpcore.http2 DEBUG receive_response_headers.started
2026-09-18 00:35:03,951Z httpcore.http2 DEBUG receive_response_headers.complete
2026-09-18 00:35:03,952Z httpcore.http2 DEBUG send_request_headers.started
2026-09-18 00:35:03,954Z httpcore.http2 DEBUG send_request_headers.complete
2026-09-18 00:35:03,954Z httpcore.http2 DEBUG receive_response_headers.started
2026-09-18 00:35:04,041Z httpcore.http2 DEBUG receive_response_headers.complete
2026-09-18 00:35:04,042Z httpcore.http2 DEBUG send_request_headers.started
2026-09-18 00:35:04,045Z httpcore.http2 DEBUG send_request_headers.complete
2026-09-18 00:35:04,045Z httpcore.http2 DEBUG receive_response_headers.started
2026-09-18 00:35:04,127Z httpcore.http2 DEBUG receive_response_headers.complete
2026-09-18 00:35:04,129Z httpcore.http2 DEBUG send_request_headers.started
2026-09-18 00:35:04,131Z httpcore.http2 DEBUG send_request_headers.complete
2026-09-18 00:35:04,131Z httpcore.http2 DEBUG receive_response_headers.started
2026-09-18 00:35:04,208Z httpcore.http2 DEBUG receive_response_headers.complete
2026-09-18 00:35:04,210Z httpcore.http2 DEBUG send_request_headers.started
2026-09-18 00:35:04,213Z httpcore.http2 DEBUG send_request_headers.complete
2026-09-18 00:35:04,213Z httpcore.http2 DEBUG receive_response_headers.started
2026-09-18 00:35:04,289Z httpcore.http2 DEBUG receive_response_headers.complete
2026-09-18 00:35:04,293Z httpcore.http2 DEBUG send_request_headers.started
2026-09-18 00:35:04,295Z httpcore.http2 DEBUG send_request_headers.complete
2026-09-18 00:35:04,295Z httpcore.http2 DEBUG receive_response_headers.started
2026-09-18 00:35:04,372Z httpcore.http2 DEBUG receive_response_headers.complete
2026-09-18 00:35:04,374Z httpcore.http2 DEBUG send_request_headers.started
2026-09-18 00:35:04,376Z httpcore.http2 DEBUG send_request_headers.complete
2026-09-18 00:35:04,376Z httpcore.http2 DEBUG receive_response_headers.started
2026-09-18 00:35:04,462Z httpcore.http2 DEBUG receive_response_headers.complete
2026-09-18 00:35:04,464Z httpcore.http2 DEBUG send_request_headers.started
2026-09-18 00:35:04,466Z httpcore.http2 DEBUG send_request_headers.complete
2026-09-18 00:35:04,466Z httpcore.http2 DEBUG receive_response_headers.started
2026-09-18 00:35:04,544Z httpcore.http2 DEBUG receive_response_headers.complete
2026-09-18 00:35:04,545Z httpcore.http2 DEBUG send_request_headers.started
2026-09-18 00:35:04,548Z httpcore.http2 DEBUG send_request_headers.complete
2026-09-18 00:35:04,548Z httpcore.http2 DEBUG receive_response_headers.started
2026-09-18 00:35:04,648Z httpcore.http2 DEBUG receive_response_headers.complete
2026-09-18 00:35:04,650Z httpcore.http2 DEBUG send_request_headers.started
2026-09-18 00:35:04,652Z httpcore.http2 DEBUG send_request_headers.complete
2026-09-18 00:35:04,652Z httpcore.http2 DEBUG receive_response_headers.started
2026-09-18 00:35:04,733Z httpcore.http2 DEBUG receive_response_headers.complete
2026-09-18 00:35:04,735Z httpcore.http2 DEBUG send_request_headers.started
2026-09-18 00:35:04,738Z httpcore.http2 DEBUG send_request_headers.complete
2026-09-18 00:35:04,738Z httpcore.http2 DEBUG receive_response_headers.started
2026-09-18 00:35:04,815Z httpcore.http2 DEBUG receive_response_headers.complete
2026-09-18 00:35:04,817Z httpcore.http2 DEBUG send_request_headers.started
2026-09-18 00:35:04,819Z httpcore.http2 DEBUG send_request_headers.complete
2026-09-18 00:35:04,820Z httpcore.http2 DEBUG receive_response_headers.started
2026-09-18 00:35:04,901Z httpcore.http2 DEBUG receive_response_headers.complete
2026-09-18 00:35:04,903Z httpcore.http2 DEBUG send_request_headers.started
2026-09-18 00:35:04,905Z httpcore.http2 DEBUG send_request_headers.complete
2026-09-18 00:35:04,905Z httpcore.http2 DEBUG receive_response_headers.started
2026-09-18 00:35:04,982Z httpcore.http2 DEBUG receive_response_headers.complete
2026-09-18 00:35:04,983Z httpcore.http2 DEBUG send_request_headers.started
2026-09-18 00:35:04,986Z httpcore.http2 DEBUG send_request_headers.complete
2026-09-18 00:35:04,986Z httpcore.http2 DEBUG receive_response_headers.started
2026-09-18 00:35:05,068Z httpcore.http2 DEBUG receive_response_headers.complete
2026-09-18 00:35:05,070Z httpcore.http2 DEBUG send_request_headers.started
2026-09-18 00:35:05,072Z httpcore.http2 DEBUG send_request_headers.complete
2026-09-18 00:35:05,072Z httpcore.http2 DEBUG receive_response_headers.started
2026-09-18 00:35:05,148Z httpcore.http2 DEBUG receive_response_headers.complete
2026-09-18 00:35:05,150Z httpcore.http2 DEBUG send_request_headers.started
2026-09-18 00:35:05,152Z httpcore.http2 DEBUG send_request_headers.complete
2026-09-18 00:35:05,152Z httpcore.http2 DEBUG receive_response_headers.started
2026-09-18 00:35:05,231Z httpcore.http2 DEBUG receive_response_headers.complete
2026-09-18 00:35:05,233Z httpcore.http2 DEBUG send_request_headers.started
2026-09-18 00:35:05,235Z httpcore.http2 DEBUG send_request_headers.complete
2026-09-18 00:35:05,235Z httpcore.http2 DEBUG receive_response_headers.started
2026-09-18 00:35:05,316Z httpcore.http2 DEBUG receive_response_headers.complete
2026-09-18 00:35:05,317Z httpcore.http2 DEBUG send_request_headers.started
2026-09-18 00:35:05,319Z httpcore.http2 DEBUG send_request_headers.complete
2026-09-18 00:35:05,319Z httpcore.http2 DEBUG receive_response_headers.started
2026-09-18 00:35:05,398Z httpcore.http2 DEBUG receive_response_headers.complete
2026-09-18 00:35:05,399Z httpcore.http2 DEBUG send_request_headers.started
2026-09-18 00:35:05,401Z httpcore.http2 DEBUG send_request_headers.complete
2026-09-18 00:35:05,401Z httpcore.http2 DEBUG receive_response_headers.started
2026-09-18 00:35:05,482Z httpcore.http2 DEBUG receive_response_headers.complete
2026-09-18 00:35:05,483Z httpcore.http2 DEBUG send_request_headers.started
2026-09-18 00:35:05,486Z httpcore.http2 DEBUG send_request_headers.complete
2026-09-18 00:35:05,486Z httpcore.http2 DEBUG receive_response_headers.started
2026-09-18 00:35:05,570Z httpcore.http2 DEBUG receive_response_headers.complete
2026-09-18 00:35:05,572Z httpcore.http2 DEBUG send_request_headers.started
2026-09-18 00:35:05,574Z httpcore.http2 DEBUG send_request_headers.complete
2026-09-18 00:35:05,574Z httpcore.http2 DEBUG receive_response_headers.started
2026-09-18 00:35:05,654Z httpcore.http2 DEBUG receive_response_headers.complete
2026-09-18 00:35:05,655Z httpcore.http2 DEBUG send_request_headers.started
2026-09-18 00:35:05,658Z httpcore.http2 DEBUG send_request_headers.complete
2026-09-18 00:35:05,658Z httpcore.http2 DEBUG receive_response_headers.started
2026-09-18 00:35:05,742Z httpcore.http2 DEBUG receive_response_headers.complete
2026-09-18 00:35:05,743Z httpcore.http2 DEBUG send_request_headers.started
2026-09-18 00:35:05,746Z httpcore.http2 DEBUG send_request_headers.complete
2026-09-18 00:35:05,746Z httpcore.http2 DEBUG receive_response_headers.started
2026-09-18 00:35:05,825Z httpcore.http2 DEBUG receive_response_headers.complete
2026-09-18 00:35:05,827Z httpcore.http2 DEBUG send_request_headers.started
2026-09-18 00:35:05,829Z httpcore.http2 DEBUG send_request_headers.complete
2026-09-18 00:35:05,829Z httpcore.http2 DEBUG receive_response_headers.started
2026-09-18 00:35:05,934Z httpcore.http2 DEBUG receive_response_headers.complete
2026-09-18 00:35:05,936Z httpcore.http2 DEBUG send_request_headers.started
2026-09-18 00:35:05,938Z httpcore.http2 DEBUG send_request_headers.complete
2026-09-18 00:35:05,938Z httpcore.http2 DEBUG receive_response_headers.started
2026-09-18 00:35:06,016Z httpcore.http2 DEBUG receive_response_headers.complete
2026-09-18 00:35:06,017Z httpcore.http2 DEBUG send_request_headers.started
2026-09-18 00:35:06,020Z httpcore.http2 DEBUG send_request_headers.complete
2026-09-18 00:35:06,020Z httpcore.http2 DEBUG receive_response_headers.started
2026-09-18 00:35:06,104Z httpcore.http2 DEBUG receive_response_headers.complete
2026-09-18 00:35:06,106Z httpcore.http2 DEBUG send_request_headers.started
2026-09-18 00:35:06,108Z httpcore.http2 DEBUG send_request_headers.complete
2026-09-18 00:35:06,108Z httpcore.http2 DEBUG receive_response_headers.started
2026-09-18 00:35:06,190Z httpcore.http2 DEBUG receive_response_headers.complete
2026-09-18 00:35:06,191Z httpcore.http2 DEBUG send_request_headers.started
2026-09-18 00:35:06,193Z httpcore.http2 DEBUG send_request_headers.complete
2026-09-18 00:35:06,193Z httpcore.http2 DEBUG receive_response_headers.started
2026-09-18 00:35:06,275Z httpcore.http2 DEBUG receive_response_headers.complete
2026-09-18 00:35:06,277Z httpcore.http2 DEBUG send_request_headers.started
2026-09-18 00:35:06,279Z httpcore.http2 DEBUG send_request_headers.complete
2026-09-18 00:35:06,279Z httpcore.http2 DEBUG receive_response_headers.started
2026-09-18 00:35:06,365Z httpcore.http2 DEBUG receive_response_headers.complete
2026-09-18 00:35:06,366Z httpcore.http2 DEBUG send_request_headers.started
2026-09-18 00:35:06,368Z httpcore.http2 DEBUG send_request_headers.complete
2026-09-18 00:35:06,368Z httpcore.http2 DEBUG receive_response_headers.started
2026-09-18 00:35:06,448Z httpcore.http2 DEBUG receive_response_headers.complete
2026-09-18 00:35:06,449Z httpcore.http2 DEBUG send_request_headers.started
2026-09-18 00:35:06,451Z httpcore.http2 DEBUG send_request_headers.complete
2026-09-18 00:35:06,451Z httpcore.http2 DEBUG receive_response_headers.started
2026-09-18 00:35:06,531Z httpcore.http2 DEBUG receive_response_headers.complete
2026-09-18 00:35:06,532Z httpcore.http2 DEBUG send_request_headers.started
2026-09-18 00:35:06,535Z httpcore.http2 DEBUG send_request_headers.complete
2026-09-18 00:35:06,535Z httpcore.http2 DEBUG receive_response_headers.started
2026-09-18 00:35:06,643Z httpcore.http2 DEBUG receive_response_headers.complete
2026-09-18 00:35:06,645Z httpcore.http2 DEBUG send_request_headers.started
2026-09-18 00:35:06,647Z httpcore.http2 DEBUG send_request_headers.complete
2026-09-18 00:35:06,647Z httpcore.http2 DEBUG receive_response_headers.started
2026-09-18 00:35:06,726Z httpcore.http2 DEBUG receive_response_headers.complete
2026-09-18 00:35:06,728Z httpcore.http2 DEBUG send_request_headers.started
2026-09-18 00:35:06,730Z httpcore.http2 DEBUG send_request_headers.complete
2026-09-18 00:35:06,730Z httpcore.http2 DEBUG receive_response_headers.started
2026-09-18 00:35:06,811Z httpcore.http2 DEBUG receive_response_headers.complete
2026-09-18 00:35:06,812Z httpcore.http2 DEBUG send_request_headers.started
2026-09-18 00:35:06,814Z httpcore.http2 DEBUG send_request_headers.complete
2026-09-18 00:35:06,814Z httpcore.http2 DEBUG receive_response_headers.started
2026-09-18 00:35:06,893Z httpcore.http2 DEBUG receive_response_headers.complete
2026-09-18 00:35:06,894Z httpcore.http2 DEBUG send_request_headers.started
2026-09-18 00:35:06,897Z httpcore.http2 DEBUG send_request_headers.complete
2026-09-18 00:35:06,897Z httpcore.http2 DEBUG receive_response_headers.started
2026-09-18 00:35:06,975Z httpcore.http2 DEBUG receive_response_headers.complete
2026-09-18 00:35:06,976Z httpcore.http2 DEBUG send_request_headers.started
2026-09-18 00:35:06,980Z httpcore.http2 DEBUG send_request_headers.complete
2026-09-18 00:35:06,980Z httpcore.http2 DEBUG receive_response_headers.started
2026-09-18 00:35:07,065Z httpcore.http2 DEBUG receive_response_headers.complete
2026-09-18 00:35:07,066Z httpcore.http2 DEBUG send_request_headers.started
2026-09-18 00:35:07,069Z httpcore.http2 DEBUG send_request_headers.complete
2026-09-18 00:35:07,069Z httpcore.http2 DEBUG receive_response_headers.started
2026-09-18 00:35:07,148Z httpcore.http2 DEBUG receive_response_headers.complete
2026-09-18 00:35:07,149Z httpcore.http2 DEBUG send_request_headers.started
2026-09-18 00:35:07,151Z httpcore.http2 DEBUG send_request_headers.complete
2026-09-18 00:35:07,151Z httpcore.http2 DEBUG receive_response_headers.started
2026-09-18 00:35:07,228Z httpcore.http2 DEBUG receive_response_headers.complete
2026-09-18 00:35:07,230Z httpcore.http2 DEBUG send_request_headers.started
2026-09-18 00:35:07,232Z httpcore.http2 DEBUG send_request_headers.complete
2026-09-18 00:35:07,232Z httpcore.http2 DEBUG receive_response_headers.started
2026-09-18 00:35:07,333Z httpcore.http2 DEBUG receive_response_headers.complete
2026-09-18 00:35:07,334Z httpcore.http2 DEBUG send_request_headers.started
2026-09-18 00:35:07,336Z httpcore.http2 DEBUG send_request_headers.complete
2026-09-18 00:35:07,336Z httpcore.http2 DEBUG receive_response_headers.started
2026-09-18 00:35:07,415Z httpcore.http2 DEBUG receive_response_headers.complete
2026-09-18 01:14:17,600Z httpcore.connection DEBUG close.started
2026-09-18 01:14:17,610Z httpcore.connection DEBUG close.complete
2026-09-18 01:14:17,610Z httpcore.connection DEBUG connect_tcp.started
2026-09-18 01:14:17,826Z httpcore.connection DEBUG connect_tcp.complete
2026-09-18 01:14:17,840Z httpcore.connection DEBUG start_tls.started
2026-09-18 01:14:17,901Z httpcore.connection DEBUG start_tls.complete
2026-09-18 01:14:17,931Z httpcore.http2 DEBUG send_request_headers.started
2026-09-18 01:14:17,933Z httpcore.http2 DEBUG send_request_headers.complete
2026-09-18 01:14:17,933Z httpcore.http2 DEBUG receive_response_headers.started
2026-09-18 01:14:18,944Z httpcore.connection DEBUG close.started
2026-09-18 01:14:18,959Z httpcore.http2 DEBUG receive_response_headers.complete
2026-09-18 01:14:18,988Z httpcore.connection DEBUG close.complete
2026-09-18 01:14:18,989Z httpcore.connection DEBUG connect_tcp.started
2026-09-18 01:14:19,039Z httpcore.http2 DEBUG send_request_headers.started
2026-09-18 01:14:19,054Z httpcore.connection DEBUG connect_tcp.complete
2026-09-18 01:14:19,102Z httpcore.connection DEBUG start_tls.started
2026-09-18 01:14:19,070Z httpcore.http2 DEBUG send_request_headers.complete
2026-09-18 01:14:19,113Z httpcore.http2 DEBUG receive_response_headers.started
2026-09-18 01:14:19,139Z httpcore.connection DEBUG start_tls.complete
2026-09-18 01:14:19,142Z httpcore.http2 DEBUG send_request_headers.started
2026-09-18 01:14:19,143Z httpcore.http2 DEBUG send_request_headers.complete
2026-09-18 01:14:19,143Z httpcore.http2 DEBUG receive_response_headers.started
2026-09-18 01:14:19,198Z httpcore.http2 DEBUG receive_response_headers.complete
2026-09-18 01:14:19,306Z httpcore.http2 DEBUG receive_response_headers.complete
2026-09-18 01:14:19,308Z httpcore.http2 DEBUG send_request_headers.started
2026-09-18 01:14:19,309Z httpcore.http2 DEBUG send_request_headers.complete
2026-09-18 01:14:19,309Z httpcore.http2 DEBUG receive_response_headers.started
2026-09-18 01:14:19,476Z httpcore.http2 DEBUG receive_response_headers.complete
2026-09-18 01:59:03,110Z httpcore.connection DEBUG connect_tcp.started
2026-09-18 01:59:03,175Z httpcore.connection DEBUG connect_tcp.complete
2026-09-18 01:59:03,175Z httpcore.connection DEBUG start_tls.started
2026-09-18 01:59:03,199Z httpcore.connection DEBUG start_tls.complete
2026-09-18 01:59:03,200Z httpcore.http2 DEBUG send_request_headers.started
2026-09-18 01:59:03,200Z httpcore.http2 DEBUG send_request_headers.complete
2026-09-18 01:59:03,201Z httpcore.http2 DEBUG receive_response_headers.started
2026-09-18 01:59:04,451Z httpcore.http2 DEBUG receive_response_headers.complete
2026-09-18 01:59:04,457Z httpcore.http2 DEBUG send_request_headers.started
2026-09-18 01:59:04,457Z httpcore.http2 DEBUG send_request_headers.complete
2026-09-18 01:59:04,571Z httpcore.http2 DEBUG receive_response_headers.started
2026-09-18 01:59:05,057Z httpcore.http2 DEBUG receive_response_headers.complete
2026-09-18 01:59:05,058Z httpcore.http2 DEBUG send_request_headers.started
2026-09-18 01:59:05,059Z httpcore.http2 DEBUG send_request_headers.complete
2026-09-18 01:59:05,059Z httpcore.http2 DEBUG receive_response_headers.started
2026-09-18 01:59:05,139Z httpcore.http2 DEBUG receive_response_headers.complete
2026-09-18 01:59:05,140Z httpcore.http2 DEBUG send_request_headers.started
2026-09-18 01:59:05,141Z httpcore.http2 DEBUG send_request_headers.complete
2026-09-18 01:59:05,141Z httpcore.http2 DEBUG receive_response_headers.started
2026-09-18 01:59:05,226Z httpcore.http2 DEBUG receive_response_headers.complete
2026-09-18 01:59:05,227Z httpcore.http2 DEBUG send_request_headers.started
2026-09-18 01:59:05,227Z httpcore.http2 DEBUG send_request_headers.complete
2026-09-18 01:59:05,227Z httpcore.http2 DEBUG receive_response_headers.started
2026-09-18 01:59:05,316Z httpcore.http2 DEBUG receive_response_headers.complete
2026-09-18 01:59:05,317Z httpcore.http2 DEBUG send_request_headers.started
2026-09-18 01:59:05,318Z httpcore.http2 DEBUG send_request_headers.complete
2026-09-18 01:59:05,318Z httpcore.http2 DEBUG receive_response_headers.started
2026-09-18 01:59:05,495Z httpcore.http2 DEBUG receive_response_headers.complete
2026-09-18 01:59:05,496Z httpcore.http2 DEBUG send_request_headers.started
2026-09-18 01:59:05,497Z httpcore.http2 DEBUG send_request_headers.complete
2026-09-18 01:59:05,497Z httpcore.http2 DEBUG receive_response_headers.started
2026-09-18 01:59:05,578Z httpcore.http2 DEBUG receive_response_headers.complete
2026-09-18 01:59:05,579Z httpcore.http2 DEBUG send_request_headers.started
2026-09-18 01:59:05,580Z httpcore.http2 DEBUG send_request_headers.complete
2026-09-18 01:59:05,580Z httpcore.http2 DEBUG receive_response_headers.started
2026-09-18 01:59:05,655Z httpcore.http2 DEBUG receive_response_headers.complete
2026-09-18 01:59:05,656Z httpcore.http2 DEBUG send_request_headers.started
2026-09-18 01:59:05,657Z httpcore.http2 DEBUG send_request_headers.complete
2026-09-18 01:59:05,657Z httpcore.http2 DEBUG receive_response_headers.started
2026-09-18 01:59:05,733Z httpcore.http2 DEBUG receive_response_headers.complete
2026-09-18 01:59:05,735Z httpcore.http2 DEBUG send_request_headers.started
2026-09-18 01:59:05,736Z httpcore.http2 DEBUG send_request_headers.complete
2026-09-18 01:59:05,774Z httpcore.http2 DEBUG receive_response_headers.started
2026-09-18 01:59:05,914Z httpcore.http2 DEBUG receive_response_headers.complete
2026-09-18 01:59:05,915Z httpcore.http2 DEBUG send_request_headers.started
2026-09-18 01:59:05,916Z httpcore.http2 DEBUG send_request_headers.complete
2026-09-18 01:59:05,944Z httpcore.http2 DEBUG receive_response_headers.started
2026-09-18 01:59:06,036Z httpcore.http2 DEBUG receive_response_headers.complete
2026-09-18 01:59:06,037Z httpcore.http2 DEBUG send_request_headers.started
2026-09-18 01:59:06,038Z httpcore.http2 DEBUG send_request_headers.complete
2026-09-18 01:59:06,038Z httpcore.http2 DEBUG receive_response_headers.started
2026-09-18 01:59:06,120Z httpcore.http2 DEBUG receive_response_headers.complete
2026-09-18 01:59:06,121Z httpcore.http2 DEBUG send_request_headers.started
2026-09-18 01:59:06,121Z httpcore.http2 DEBUG send_request_headers.complete
2026-09-18 01:59:06,121Z httpcore.http2 DEBUG receive_response_headers.started
2026-09-18 01:59:06,196Z httpcore.http2 DEBUG receive_response_headers.complete
2026-09-18 01:59:06,196Z httpcore.http2 DEBUG send_request_headers.started
2026-09-18 01:59:06,197Z httpcore.http2 DEBUG send_request_headers.complete
2026-09-18 01:59:06,197Z httpcore.http2 DEBUG receive_response_headers.started
2026-09-18 01:59:06,273Z httpcore.http2 DEBUG receive_response_headers.complete
2026-09-18 01:59:06,274Z httpcore.http2 DEBUG send_request_headers.started
2026-09-18 01:59:06,275Z httpcore.http2 DEBUG send_request_headers.complete
2026-09-18 01:59:06,275Z httpcore.http2 DEBUG receive_response_headers.started
2026-09-18 01:59:06,355Z httpcore.http2 DEBUG receive_response_headers.complete
2026-09-18 01:59:06,356Z httpcore.http2 DEBUG send_request_headers.started
2026-09-18 01:59:06,357Z httpcore.http2 DEBUG send_request_headers.complete
2026-09-18 01:59:06,374Z httpcore.http2 DEBUG receive_response_headers.started
2026-09-18 01:59:06,466Z httpcore.http2 DEBUG receive_response_headers.complete
2026-09-18 01:59:06,468Z httpcore.http2 DEBUG send_request_headers.started
2026-09-18 01:59:06,468Z httpcore.http2 DEBUG send_request_headers.complete
2026-09-18 01:59:06,486Z httpcore.http2 DEBUG receive_response_headers.started
2026-09-18 01:59:06,570Z httpcore.http2 DEBUG receive_response_headers.complete
2026-09-18 01:59:06,572Z httpcore.http2 DEBUG send_request_headers.started
2026-09-18 01:59:06,573Z httpcore.http2 DEBUG send_request_headers.complete
2026-09-18 01:59:06,609Z httpcore.http2 DEBUG receive_response_headers.started
2026-09-18 01:59:06,728Z httpcore.http2 DEBUG receive_response_headers.complete
2026-09-18 01:59:06,729Z httpcore.http2 DEBUG send_request_headers.started
2026-09-18 01:59:06,730Z httpcore.http2 DEBUG send_request_headers.complete
2026-09-18 01:59:06,751Z httpcore.http2 DEBUG receive_response_headers.started
2026-09-18 01:59:06,887Z httpcore.http2 DEBUG receive_response_headers.complete
2026-09-18 01:59:06,888Z httpcore.http2 DEBUG send_request_headers.started
2026-09-18 01:59:06,889Z httpcore.http2 DEBUG send_request_headers.complete
2026-09-18 01:59:06,889Z httpcore.http2 DEBUG receive_response_headers.started
2026-09-18 01:59:06,982Z httpcore.http2 DEBUG receive_response_headers.complete
2026-09-18 01:59:06,984Z httpcore.http2 DEBUG send_request_headers.started
2026-09-18 01:59:06,985Z httpcore.http2 DEBUG send_request_headers.complete
2026-09-18 01:59:07,043Z httpcore.http2 DEBUG receive_response_headers.started
2026-09-18 01:59:07,151Z httpcore.http2 DEBUG receive_response_headers.complete
2026-09-18 01:59:07,153Z httpcore.http2 DEBUG send_request_headers.started
2026-09-18 01:59:07,154Z httpcore.http2 DEBUG send_request_headers.complete
2026-09-18 01:59:07,193Z httpcore.http2 DEBUG receive_response_headers.started
2026-09-18 01:59:07,290Z httpcore.http2 DEBUG receive_response_headers.complete
2026-09-18 01:59:07,292Z httpcore.http2 DEBUG send_request_headers.started
2026-09-18 01:59:07,293Z httpcore.http2 DEBUG send_request_headers.complete
2026-09-18 01:59:07,311Z httpcore.http2 DEBUG receive_response_headers.started
2026-09-18 01:59:07,412Z httpcore.http2 DEBUG receive_response_headers.complete
2026-09-18 01:59:07,414Z httpcore.http2 DEBUG send_request_headers.started
2026-09-18 01:59:07,415Z httpcore.http2 DEBUG send_request_headers.complete
2026-09-18 01:59:07,452Z httpcore.http2 DEBUG receive_response_headers.started
2026-09-18 01:59:07,558Z httpcore.http2 DEBUG receive_response_headers.complete
2026-09-18 01:59:07,559Z httpcore.http2 DEBUG send_request_headers.started
2026-09-18 01:59:07,560Z httpcore.http2 DEBUG send_request_headers.complete
2026-09-18 01:59:07,581Z httpcore.http2 DEBUG receive_response_headers.started
2026-09-18 01:59:07,692Z httpcore.http2 DEBUG receive_response_headers.complete
2026-09-18 01:59:07,695Z httpcore.http2 DEBUG send_request_headers.started
2026-09-18 01:59:07,695Z httpcore.http2 DEBUG send_request_headers.complete
2026-09-18 01:59:07,763Z httpcore.http2 DEBUG receive_response_headers.started
2026-09-18 01:59:07,966Z httpcore.http2 DEBUG receive_response_headers.complete
2026-09-18 01:59:07,968Z httpcore.http2 DEBUG send_request_headers.started
2026-09-18 01:59:07,969Z httpcore.http2 DEBUG send_request_headers.complete
2026-09-18 01:59:08,008Z httpcore.http2 DEBUG receive_response_headers.started
2026-09-18 01:59:08,117Z httpcore.http2 DEBUG receive_response_headers.complete
2026-09-18 01:59:08,119Z httpcore.http2 DEBUG send_request_headers.started
2026-09-18 01:59:08,119Z httpcore.http2 DEBUG send_request_headers.complete
2026-09-18 01:59:08,150Z httpcore.http2 DEBUG receive_response_headers.started
2026-09-18 01:59:08,248Z httpcore.http2 DEBUG receive_response_headers.complete
2026-09-18 01:59:08,249Z httpcore.http2 DEBUG send_request_headers.started
2026-09-18 01:59:08,250Z httpcore.http2 DEBUG send_request_headers.complete
2026-09-18 01:59:08,273Z httpcore.http2 DEBUG receive_response_headers.started
2026-09-18 01:59:08,359Z httpcore.http2 DEBUG receive_response_headers.complete
2026-09-18 01:59:08,361Z httpcore.http2 DEBUG send_request_headers.started
2026-09-18 01:59:08,361Z httpcore.http2 DEBUG send_request_headers.complete
2026-09-18 01:59:08,384Z httpcore.http2 DEBUG receive_response_headers.started
2026-09-18 01:59:08,483Z httpcore.http2 DEBUG receive_response_headers.complete
2026-09-18 01:59:08,484Z httpcore.http2 DEBUG send_request_headers.started
2026-09-18 01:59:08,485Z httpcore.http2 DEBUG send_request_headers.complete
2026-09-18 01:59:08,504Z httpcore.http2 DEBUG receive_response_headers.started
2026-09-18 01:59:08,604Z httpcore.http2 DEBUG receive_response_headers.complete
2026-09-18 01:59:08,605Z httpcore.http2 DEBUG send_request_headers.started
2026-09-18 01:59:08,606Z httpcore.http2 DEBUG send_request_headers.complete
2026-09-18 01:59:08,606Z httpcore.http2 DEBUG receive_response_headers.started
2026-09-18 01:59:08,681Z httpcore.http2 DEBUG receive_response_headers.complete
2026-09-18 01:59:08,682Z httpcore.http2 DEBUG send_request_headers.started
2026-09-18 01:59:08,683Z httpcore.http2 DEBUG send_request_headers.complete
2026-09-18 01:59:08,683Z httpcore.http2 DEBUG receive_response_headers.started
2026-09-18 01:59:08,765Z httpcore.http2 DEBUG receive_response_headers.complete
2026-09-18 01:59:08,766Z httpcore.http2 DEBUG send_request_headers.started
2026-09-18 01:59:08,767Z httpcore.http2 DEBUG send_request_headers.complete
2026-09-18 01:59:08,767Z httpcore.http2 DEBUG receive_response_headers.started
2026-09-18 01:59:08,850Z httpcore.http2 DEBUG receive_response_headers.complete
2026-09-18 01:59:08,852Z httpcore.http2 DEBUG send_request_headers.started
2026-09-18 01:59:08,853Z httpcore.http2 DEBUG send_request_headers.complete
2026-09-18 01:59:08,873Z httpcore.http2 DEBUG receive_response_headers.started
2026-09-18 01:59:08,974Z httpcore.http2 DEBUG receive_response_headers.complete
2026-09-18 01:59:08,975Z httpcore.http2 DEBUG send_request_headers.started
2026-09-18 01:59:08,975Z httpcore.http2 DEBUG send_request_headers.complete
2026-09-18 01:59:08,976Z httpcore.http2 DEBUG receive_response_headers.started
2026-09-18 01:59:09,060Z httpcore.http2 DEBUG receive_response_headers.complete
2026-09-18 01:59:09,061Z httpcore.http2 DEBUG send_request_headers.started
2026-09-18 01:59:09,061Z httpcore.http2 DEBUG send_request_headers.complete
2026-09-18 01:59:09,061Z httpcore.http2 DEBUG receive_response_headers.started
2026-09-18 01:59:09,145Z httpcore.http2 DEBUG receive_response_headers.complete
2026-09-18 01:59:09,146Z httpcore.http2 DEBUG send_request_headers.started
2026-09-18 01:59:09,146Z httpcore.http2 DEBUG send_request_headers.complete
2026-09-18 01:59:09,147Z httpcore.http2 DEBUG receive_response_headers.started
2026-09-18 01:59:09,228Z httpcore.http2 DEBUG receive_response_headers.complete
2026-09-18 01:59:09,229Z httpcore.http2 DEBUG send_request_headers.started
2026-09-18 01:59:09,230Z httpcore.http2 DEBUG send_request_headers.complete
2026-09-18 01:59:09,230Z httpcore.http2 DEBUG receive_response_headers.started
2026-09-18 01:59:09,309Z httpcore.http2 DEBUG receive_response_headers.complete
2026-09-18 01:59:09,316Z httpcore.http2 DEBUG send_request_headers.started
2026-09-18 01:59:09,317Z httpcore.http2 DEBUG send_request_headers.complete
2026-09-18 01:59:09,394Z httpcore.http2 DEBUG receive_response_headers.started
2026-09-18 01:59:09,772Z httpcore.http2 DEBUG receive_response_headers.complete
2026-09-18 01:59:09,774Z httpcore.http2 DEBUG send_request_headers.started
2026-09-18 01:59:09,774Z httpcore.http2 DEBUG send_request_headers.complete
2026-09-18 01:59:09,792Z httpcore.http2 DEBUG receive_response_headers.started
2026-09-18 01:59:09,871Z httpcore.http2 DEBUG receive_response_headers.complete
2026-09-18 01:59:09,872Z httpcore.http2 DEBUG send_request_headers.started
2026-09-18 01:59:09,873Z httpcore.http2 DEBUG send_request_headers.complete
2026-09-18 01:59:09,873Z httpcore.http2 DEBUG receive_response_headers.started
2026-09-18 01:59:09,949Z httpcore.http2 DEBUG receive_response_headers.complete
2026-09-18 01:59:09,950Z httpcore.http2 DEBUG send_request_headers.started
2026-09-18 01:59:09,950Z httpcore.http2 DEBUG send_request_headers.complete
2026-09-18 01:59:09,951Z httpcore.http2 DEBUG receive_response_headers.started
2026-09-18 01:59:10,028Z httpcore.http2 DEBUG receive_response_headers.complete
2026-09-18 01:59:10,029Z httpcore.http2 DEBUG send_request_headers.started
2026-09-18 01:59:10,029Z httpcore.http2 DEBUG send_request_headers.complete
2026-09-18 01:59:10,029Z httpcore.http2 DEBUG receive_response_headers.started
2026-09-18 01:59:10,110Z httpcore.http2 DEBUG receive_response_headers.complete
2026-09-18 01:59:10,111Z httpcore.http2 DEBUG send_request_headers.started
2026-09-18 01:59:10,112Z httpcore.http2 DEBUG send_request_headers.complete
2026-09-18 01:59:10,112Z httpcore.http2 DEBUG receive_response_headers.started
2026-09-18 01:59:10,189Z httpcore.http2 DEBUG receive_response_headers.complete
2026-09-18 01:59:10,190Z httpcore.http2 DEBUG send_request_headers.started
2026-09-18 01:59:10,190Z httpcore.http2 DEBUG send_request_headers.complete
2026-09-18 01:59:10,191Z httpcore.http2 DEBUG receive_response_headers.started
2026-09-18 01:59:10,267Z httpcore.http2 DEBUG receive_response_headers.complete
2026-09-18 01:59:10,268Z httpcore.http2 DEBUG send_request_headers.started
2026-09-18 01:59:10,268Z httpcore.http2 DEBUG send_request_headers.complete
2026-09-18 01:59:10,269Z httpcore.http2 DEBUG receive_response_headers.started
2026-09-18 01:59:10,347Z httpcore.http2 DEBUG receive_response_headers.complete
2026-09-18 01:59:10,353Z httpcore.http2 DEBUG send_request_headers.started
2026-09-18 01:59:10,354Z httpcore.http2 DEBUG send_request_headers.complete
2026-09-18 01:59:10,433Z httpcore.http2 DEBUG receive_response_headers.started
2026-09-18 01:59:10,648Z httpcore.http2 DEBUG receive_response_headers.complete
2026-09-18 01:59:10,661Z httpcore.http2 DEBUG send_request_headers.started
2026-09-18 01:59:10,662Z httpcore.http2 DEBUG send_request_headers.complete
2026-09-18 01:59:10,759Z httpcore.http2 DEBUG receive_response_headers.started
2026-09-18 01:59:11,149Z httpcore.http2 DEBUG receive_response_headers.complete
2026-09-18 01:59:11,150Z httpcore.http2 DEBUG send_request_headers.started
2026-09-18 01:59:11,151Z httpcore.http2 DEBUG send_request_headers.complete
2026-09-18 01:59:11,151Z httpcore.http2 DEBUG receive_response_headers.started
2026-09-18 01:59:11,230Z httpcore.http2 DEBUG receive_response_headers.complete
2026-09-18 01:59:11,231Z httpcore.http2 DEBUG send_request_headers.started
2026-09-18 01:59:11,231Z httpcore.http2 DEBUG send_request_headers.complete
2026-09-18 01:59:11,232Z httpcore.http2 DEBUG receive_response_headers.started
2026-09-18 01:59:11,305Z httpcore.http2 DEBUG receive_response_headers.complete
2026-09-18 01:59:11,306Z httpcore.http2 DEBUG send_request_headers.started
2026-09-18 01:59:11,306Z httpcore.http2 DEBUG send_request_headers.complete
2026-09-18 01:59:11,307Z httpcore.http2 DEBUG receive_response_headers.started
2026-09-18 01:59:11,378Z httpcore.http2 DEBUG receive_response_headers.complete
2026-09-18 01:59:11,379Z httpcore.http2 DEBUG send_request_headers.started
2026-09-18 01:59:11,380Z httpcore.http2 DEBUG send_request_headers.complete
2026-09-18 01:59:11,380Z httpcore.http2 DEBUG receive_response_headers.started
2026-09-18 01:59:11,455Z httpcore.http2 DEBUG receive_response_headers.complete
2026-09-18 01:59:11,456Z httpcore.http2 DEBUG send_request_headers.started
2026-09-18 01:59:11,457Z httpcore.http2 DEBUG send_request_headers.complete
2026-09-18 01:59:11,457Z httpcore.http2 DEBUG receive_response_headers.started
2026-09-18 01:59:11,532Z httpcore.http2 DEBUG receive_response_headers.complete
2026-09-18 01:59:11,533Z httpcore.http2 DEBUG send_request_headers.started
2026-09-18 01:59:11,533Z httpcore.http2 DEBUG send_request_headers.complete
2026-09-18 01:59:11,533Z httpcore.http2 DEBUG receive_response_headers.started
2026-09-18 01:59:11,609Z httpcore.http2 DEBUG receive_response_headers.complete
2026-09-18 01:59:11,610Z httpcore.http2 DEBUG send_request_headers.started
2026-09-18 01:59:11,610Z httpcore.http2 DEBUG send_request_headers.complete
2026-09-18 01:59:11,611Z httpcore.http2 DEBUG receive_response_headers.started
2026-09-18 01:59:11,691Z httpcore.http2 DEBUG receive_response_headers.complete
2026-09-18 01:59:11,691Z httpcore.http2 DEBUG send_request_headers.started
2026-09-18 01:59:11,692Z httpcore.http2 DEBUG send_request_headers.complete
2026-09-18 01:59:11,692Z httpcore.http2 DEBUG receive_response_headers.started
2026-09-18 01:59:11,765Z httpcore.http2 DEBUG receive_response_headers.complete
2026-09-18 01:59:11,766Z httpcore.http2 DEBUG send_request_headers.started
2026-09-18 01:59:11,767Z httpcore.http2 DEBUG send_request_headers.complete
2026-09-18 01:59:11,767Z httpcore.http2 DEBUG receive_response_headers.started
2026-09-18 01:59:11,839Z httpcore.http2 DEBUG receive_response_headers.complete
2026-09-18 01:59:11,840Z httpcore.http2 DEBUG send_request_headers.started
2026-09-18 01:59:11,840Z httpcore.http2 DEBUG send_request_headers.complete
2026-09-18 01:59:11,840Z httpcore.http2 DEBUG receive_response_headers.started
2026-09-18 01:59:11,912Z httpcore.http2 DEBUG receive_response_headers.complete
2026-09-18 01:59:11,913Z httpcore.http2 DEBUG send_request_headers.started
2026-09-18 01:59:11,914Z httpcore.http2 DEBUG send_request_headers.complete
2026-09-18 01:59:11,914Z httpcore.http2 DEBUG receive_response_headers.started
2026-09-18 01:59:12,004Z httpcore.http2 DEBUG receive_response_headers.complete
2026-09-18 01:59:12,005Z httpcore.http2 DEBUG send_request_headers.started
2026-09-18 01:59:12,005Z httpcore.http2 DEBUG send_request_headers.complete
2026-09-18 01:59:12,005Z httpcore.http2 DEBUG receive_response_headers.started
2026-09-18 01:59:12,078Z httpcore.http2 DEBUG receive_response_headers.complete
2026-09-18 01:59:12,079Z httpcore.http2 DEBUG send_request_headers.started
2026-09-18 01:59:12,080Z httpcore.http2 DEBUG send_request_headers.complete
2026-09-18 01:59:12,098Z httpcore.http2 DEBUG receive_response_headers.started
2026-09-18 01:59:12,178Z httpcore.http2 DEBUG receive_response_headers.complete
2026-09-18 01:59:12,179Z httpcore.http2 DEBUG send_request_headers.started
2026-09-18 01:59:12,180Z httpcore.http2 DEBUG send_request_headers.complete
2026-09-18 01:59:12,198Z httpcore.http2 DEBUG receive_response_headers.started
2026-09-18 01:59:12,277Z httpcore.http2 DEBUG receive_response_headers.complete
2026-09-18 01:59:12,279Z httpcore.http2 DEBUG send_request_headers.started
2026-09-18 01:59:12,279Z httpcore.http2 DEBUG send_request_headers.complete
2026-09-18 01:59:12,298Z httpcore.http2 DEBUG receive_response_headers.started
2026-09-18 01:59:12,388Z httpcore.http2 DEBUG receive_response_headers.complete
2026-09-18 01:59:12,389Z httpcore.http2 DEBUG send_request_headers.started
2026-09-18 01:59:12,390Z httpcore.http2 DEBUG send_request_headers.complete
2026-09-18 01:59:12,390Z httpcore.http2 DEBUG receive_response_headers.started
2026-09-18 01:59:12,471Z httpcore.http2 DEBUG receive_response_headers.complete
2026-09-18 01:59:12,472Z httpcore.http2 DEBUG send_request_headers.started
2026-09-18 01:59:12,473Z httpcore.http2 DEBUG send_request_headers.complete
2026-09-18 01:59:12,491Z httpcore.http2 DEBUG receive_response_headers.started
2026-09-18 01:59:12,572Z httpcore.http2 DEBUG receive_response_headers.complete
2026-09-18 01:59:12,573Z httpcore.http2 DEBUG send_request_headers.started
2026-09-18 01:59:12,574Z httpcore.http2 DEBUG send_request_headers.complete
2026-09-18 01:59:12,574Z httpcore.http2 DEBUG receive_response_headers.started
2026-09-18 01:59:12,646Z httpcore.http2 DEBUG receive_response_headers.complete
2026-09-18 01:59:12,647Z httpcore.http2 DEBUG send_request_headers.started
2026-09-18 01:59:12,647Z httpcore.http2 DEBUG send_request_headers.complete
2026-09-18 01:59:12,648Z httpcore.http2 DEBUG receive_response_headers.started
2026-09-18 01:59:12,722Z httpcore.http2 DEBUG receive_response_headers.complete
2026-09-18 01:59:12,724Z httpcore.http2 DEBUG send_request_headers.started
2026-09-18 01:59:12,724Z httpcore.http2 DEBUG send_request_headers.complete
2026-09-18 01:59:12,724Z httpcore.http2 DEBUG receive_response_headers.started
2026-09-18 01:59:12,814Z httpcore.http2 DEBUG receive_response_headers.complete
2026-09-18 01:59:12,815Z httpcore.http2 DEBUG send_request_headers.started
2026-09-18 01:59:12,815Z httpcore.http2 DEBUG send_request_headers.complete
2026-09-18 01:59:12,816Z httpcore.http2 DEBUG receive_response_headers.started
2026-09-18 01:59:12,900Z httpcore.http2 DEBUG receive_response_headers.complete
2026-09-18 01:59:12,901Z httpcore.http2 DEBUG send_request_headers.started
2026-09-18 01:59:12,902Z httpcore.http2 DEBUG send_request_headers.complete
2026-09-18 01:59:12,902Z httpcore.http2 DEBUG receive_response_headers.started
2026-09-18 01:59:12,988Z httpcore.http2 DEBUG receive_response_headers.complete
2026-09-18 01:59:12,989Z httpcore.http2 DEBUG send_request_headers.started
2026-09-18 01:59:12,990Z httpcore.http2 DEBUG send_request_headers.complete
2026-09-18 01:59:12,990Z httpcore.http2 DEBUG receive_response_headers.started
2026-09-18 01:59:13,068Z httpcore.http2 DEBUG receive_response_headers.complete
2026-09-18 01:59:13,069Z httpcore.http2 DEBUG send_request_headers.started
2026-09-18 01:59:13,070Z httpcore.http2 DEBUG send_request_headers.complete
2026-09-18 01:59:13,070Z httpcore.http2 DEBUG receive_response_headers.started
2026-09-18 01:59:13,147Z httpcore.http2 DEBUG receive_response_headers.complete
2026-09-18 01:59:13,148Z httpcore.http2 DEBUG send_request_headers.started
2026-09-18 01:59:13,148Z httpcore.http2 DEBUG send_request_headers.complete
2026-09-18 01:59:13,149Z httpcore.http2 DEBUG receive_response_headers.started
2026-09-18 01:59:13,226Z httpcore.http2 DEBUG receive_response_headers.complete
2026-09-18 01:59:13,227Z httpcore.http2 DEBUG send_request_headers.started
2026-09-18 01:59:13,227Z httpcore.http2 DEBUG send_request_headers.complete
2026-09-18 01:59:13,227Z httpcore.http2 DEBUG receive_response_headers.started
2026-09-18 01:59:13,307Z httpcore.http2 DEBUG receive_response_headers.complete
2026-09-18 01:59:13,308Z httpcore.http2 DEBUG send_request_headers.started
2026-09-18 01:59:13,308Z httpcore.http2 DEBUG send_request_headers.complete
2026-09-18 01:59:13,308Z httpcore.http2 DEBUG receive_response_headers.started
2026-09-18 01:59:13,384Z httpcore.http2 DEBUG receive_response_headers.complete
2026-09-18 01:59:13,386Z httpcore.http2 DEBUG send_request_headers.started
2026-09-18 01:59:13,386Z httpcore.http2 DEBUG send_request_headers.complete
2026-09-18 01:59:13,387Z httpcore.http2 DEBUG receive_response_headers.started
2026-09-18 01:59:13,463Z httpcore.http2 DEBUG receive_response_headers.complete
2026-09-18 01:59:13,464Z httpcore.http2 DEBUG send_request_headers.started
2026-09-18 01:59:13,465Z httpcore.http2 DEBUG send_request_headers.complete
2026-09-18 01:59:13,465Z httpcore.http2 DEBUG receive_response_headers.started
2026-09-18 01:59:13,537Z httpcore.http2 DEBUG receive_response_headers.complete
2026-09-18 01:59:13,569Z httpcore.http2 DEBUG send_request_headers.started
2026-09-18 01:59:13,570Z httpcore.http2 DEBUG send_request_headers.complete
2026-09-18 01:59:13,570Z httpcore.http2 DEBUG receive_response_headers.started
2026-09-18 01:59:13,644Z httpcore.http2 DEBUG receive_response_headers.complete
2026-09-18 01:59:13,645Z httpcore.http2 DEBUG send_request_headers.started
2026-09-18 01:59:13,646Z httpcore.http2 DEBUG send_request_headers.complete
2026-09-18 01:59:13,646Z httpcore.http2 DEBUG receive_response_headers.started
2026-09-18 01:59:13,728Z httpcore.http2 DEBUG receive_response_headers.complete
2026-09-18 01:59:13,729Z httpcore.http2 DEBUG send_request_headers.started
2026-09-18 01:59:13,729Z httpcore.http2 DEBUG send_request_headers.complete
2026-09-18 01:59:13,730Z httpcore.http2 DEBUG receive_response_headers.started
2026-09-18 01:59:13,813Z httpcore.http2 DEBUG receive_response_headers.complete
2026-09-18 01:59:13,814Z httpcore.http2 DEBUG send_request_headers.started
2026-09-18 01:59:13,814Z httpcore.http2 DEBUG send_request_headers.complete
2026-09-18 01:59:13,814Z httpcore.http2 DEBUG receive_response_headers.started
2026-09-18 01:59:13,904Z httpcore.http2 DEBUG receive_response_headers.complete
2026-09-18 01:59:13,906Z httpcore.http2 DEBUG send_request_headers.started
2026-09-18 01:59:13,906Z httpcore.http2 DEBUG send_request_headers.complete
2026-09-18 01:59:13,907Z httpcore.http2 DEBUG receive_response_headers.started
2026-09-18 01:59:13,990Z httpcore.http2 DEBUG receive_response_headers.complete
2026-09-18 01:59:13,992Z httpcore.http2 DEBUG send_request_headers.started
2026-09-18 01:59:13,992Z httpcore.http2 DEBUG send_request_headers.complete
2026-09-18 01:59:13,993Z httpcore.http2 DEBUG receive_response_headers.started
2026-09-18 01:59:14,066Z httpcore.http2 DEBUG receive_response_headers.complete
2026-09-18 01:59:14,068Z httpcore.http2 DEBUG send_request_headers.started
2026-09-18 01:59:14,068Z httpcore.http2 DEBUG send_request_headers.complete
2026-09-18 01:59:14,068Z httpcore.http2 DEBUG receive_response_headers.started
2026-09-18 01:59:14,146Z httpcore.http2 DEBUG receive_response_headers.complete
2026-09-18 01:59:14,147Z httpcore.http2 DEBUG send_request_headers.started
2026-09-18 01:59:14,147Z httpcore.http2 DEBUG send_request_headers.complete
2026-09-18 01:59:14,147Z httpcore.http2 DEBUG receive_response_headers.started
2026-09-18 01:59:14,227Z httpcore.http2 DEBUG receive_response_headers.complete
2026-09-18 01:59:14,228Z httpcore.http2 DEBUG send_request_headers.started
2026-09-18 01:59:14,228Z httpcore.http2 DEBUG send_request_headers.complete
2026-09-18 01:59:14,229Z httpcore.http2 DEBUG receive_response_headers.started
2026-09-18 01:59:14,310Z httpcore.http2 DEBUG receive_response_headers.complete
2026-09-18 01:59:14,312Z httpcore.http2 DEBUG send_request_headers.started
2026-09-18 01:59:14,312Z httpcore.http2 DEBUG send_request_headers.complete
2026-09-18 01:59:14,331Z httpcore.http2 DEBUG receive_response_headers.started
2026-09-18 01:59:14,427Z httpcore.http2 DEBUG receive_response_headers.complete
2026-09-18 01:59:14,429Z httpcore.http2 DEBUG send_request_headers.started
2026-09-18 01:59:14,429Z httpcore.http2 DEBUG send_request_headers.complete
2026-09-18 01:59:14,448Z httpcore.http2 DEBUG receive_response_headers.started
2026-09-18 01:59:14,534Z httpcore.http2 DEBUG receive_response_headers.complete
2026-09-18 01:59:14,535Z httpcore.http2 DEBUG send_request_headers.started
2026-09-18 01:59:14,536Z httpcore.http2 DEBUG send_request_headers.complete
2026-09-18 01:59:14,537Z httpcore.http2 DEBUG receive_response_headers.started
2026-09-18 01:59:14,615Z httpcore.http2 DEBUG receive_response_headers.complete
2026-09-18 01:59:14,616Z httpcore.http2 DEBUG send_request_headers.started
2026-09-18 01:59:14,617Z httpcore.http2 DEBUG send_request_headers.complete
2026-09-18 01:59:14,617Z httpcore.http2 DEBUG receive_response_headers.started
2026-09-18 01:59:14,691Z httpcore.http2 DEBUG receive_response_headers.complete
2026-09-18 01:59:14,691Z httpcore.http2 DEBUG send_request_headers.started
2026-09-18 01:59:14,692Z httpcore.http2 DEBUG send_request_headers.complete
2026-09-18 01:59:14,692Z httpcore.http2 DEBUG receive_response_headers.started
2026-09-18 01:59:14,769Z httpcore.http2 DEBUG receive_response_headers.complete
2026-09-18 01:59:14,770Z httpcore.http2 DEBUG send_request_headers.started
2026-09-18 01:59:14,771Z httpcore.http2 DEBUG send_request_headers.complete
2026-09-18 01:59:14,771Z httpcore.http2 DEBUG receive_response_headers.started
2026-09-18 01:59:14,847Z httpcore.http2 DEBUG receive_response_headers.complete
2026-09-18 01:59:14,849Z httpcore.http2 DEBUG send_request_headers.started
2026-09-18 01:59:14,849Z httpcore.http2 DEBUG send_request_headers.complete
2026-09-18 01:59:14,886Z httpcore.http2 DEBUG receive_response_headers.started
2026-09-18 01:59:14,981Z httpcore.http2 DEBUG receive_response_headers.complete
2026-09-18 01:59:14,982Z httpcore.http2 DEBUG send_request_headers.started
2026-09-18 01:59:14,982Z httpcore.http2 DEBUG send_request_headers.complete
2026-09-18 01:59:14,983Z httpcore.http2 DEBUG receive_response_headers.started
2026-09-18 01:59:15,084Z httpcore.http2 DEBUG receive_response_headers.complete
2026-09-18 02:14:09,270Z httpcore.connection DEBUG close.started
2026-09-18 02:14:09,271Z httpcore.connection DEBUG close.complete
2026-09-18 02:14:09,271Z httpcore.connection DEBUG connect_tcp.started
2026-09-18 02:14:09,330Z httpcore.connection DEBUG connect_tcp.complete
2026-09-18 02:14:09,330Z httpcore.connection DEBUG start_tls.started
2026-09-18 02:14:09,353Z httpcore.connection DEBUG start_tls.complete
2026-09-18 02:14:09,354Z httpcore.http2 DEBUG send_request_headers.started
2026-09-18 02:14:09,355Z httpcore.http2 DEBUG send_request_headers.complete
2026-09-18 02:14:09,355Z httpcore.http2 DEBUG receive_response_headers.started
2026-09-18 02:14:09,481Z httpcore.connection DEBUG close.started
2026-09-18 02:14:09,481Z httpcore.connection DEBUG close.complete
2026-09-18 02:14:09,481Z httpcore.connection DEBUG connect_tcp.started
2026-09-18 02:14:09,526Z httpcore.connection DEBUG connect_tcp.complete
2026-09-18 02:14:09,526Z httpcore.connection DEBUG start_tls.started
2026-09-18 02:14:09,549Z httpcore.connection DEBUG start_tls.complete
2026-09-18 02:14:09,549Z httpcore.http2 DEBUG send_request_headers.started
2026-09-18 02:14:09,550Z httpcore.http2 DEBUG send_request_headers.complete
2026-09-18 02:14:09,550Z httpcore.http2 DEBUG receive_response_headers.started
2026-09-18 02:14:10,030Z httpcore.http2 DEBUG receive_response_headers.complete
2026-09-18 02:14:10,031Z httpcore.http2 DEBUG receive_response_headers.complete
2026-09-18 02:14:10,033Z httpcore.http2 DEBUG send_request_headers.started
2026-09-18 02:14:10,034Z httpcore.http2 DEBUG send_request_headers.started
2026-09-18 02:14:10,035Z httpcore.http2 DEBUG send_request_headers.complete
2026-09-18 02:14:10,035Z httpcore.http2 DEBUG send_request_headers.complete
2026-09-18 02:14:10,035Z httpcore.http2 DEBUG receive_response_headers.started
2026-09-18 02:14:10,036Z httpcore.http2 DEBUG receive_response_headers.started
2026-09-18 02:14:10,137Z httpcore.http2 DEBUG receive_response_headers.complete
2026-09-18 02:14:10,138Z httpcore.http2 DEBUG receive_response_headers.complete
